
> vite-plugin-react-server@1.2.0-alpha.2 pretest:client
> npm run build


> vite-plugin-react-server@1.2.0-alpha.2 build
> npm run clean && npm run build:types && npm run build:vite


> vite-plugin-react-server@1.2.0-alpha.2 clean
> rm -rf dist


> vite-plugin-react-server@1.2.0-alpha.2 build:types
> tsc --build --force


> vite-plugin-react-server@1.2.0-alpha.2 build:vite
> vite build && chmod +x bin/patch.mjs

vite v6.3.5 building SSR bundle for production...
transforming...
✓ 211 modules transformed.
rendering chunks...
dist/plugin/utils/env.js                                            0.32 kB │ map:  0.10 kB
dist/plugin/vendor/index.js                                         0.33 kB │ map:  0.09 kB
dist/plugin/worker/index.js                                         0.35 kB │ map:  0.09 kB
dist/plugin/orchestrator/plugin.js                                  0.35 kB │ map:  0.10 kB
dist/plugin/components/index.js                                     0.38 kB │ map:  0.10 kB
dist/client.js                                                      0.54 kB │ map:  0.10 kB
dist/server.js                                                      0.57 kB │ map:  0.10 kB
dist/plugin/error/index.js                                          0.60 kB │ map:  0.10 kB
dist/plugin/dev-server/index.server.js                              0.65 kB │ map:  0.11 kB
dist/plugin/dev-server/index.client.js                              0.65 kB │ map:  0.11 kB
dist/plugin/metrics/index.js                                        0.67 kB │ map:  0.10 kB
dist/plugin/loader/index.js                                         0.70 kB │ map:  0.10 kB
dist/plugin/stream/server.js                                        0.72 kB │ map:  0.10 kB
dist/plugin/stream/client.js                                        0.72 kB │ map:  0.10 kB
dist/plugin/utils/index.js                                          0.73 kB │ map:  0.10 kB
dist/static.js                                                      0.78 kB │ map:  0.10 kB
dist/plugin/utils/callServer.js                                     0.82 kB │ map:  0.37 kB
dist/plugin/worker/rsc/index.js                                     0.82 kB │ map:  0.41 kB
dist/plugin/error/assertPanic.js                                    0.87 kB │ map:  0.43 kB
dist/_virtual/dynamic-import-helper.js                              0.91 kB │ map:  0.13 kB
dist/plugin/transformer/plugin.js                                   1.06 kB │ map:  0.43 kB
dist/plugin/worker/html/index.js                                    1.21 kB │ map:  0.54 kB
dist/plugin/helpers/validateRscRenderMessage.js                     1.29 kB │ map:  0.73 kB
dist/plugin/helpers/workerManager.js                                1.29 kB │ map:  0.70 kB
dist/plugin/react-server/plugin.js                                  1.33 kB │ map:  0.70 kB
dist/plugin/stream/createRscStream.js                               1.36 kB │ map:  0.70 kB
dist/plugin/helpers/moduleRefs.js                                   1.37 kB │ map:  0.72 kB
dist/plugin/dev-server/handleServerAction.js                        1.40 kB │ map:  0.72 kB
dist/plugin/dev-server/configureReactServer.js                      1.42 kB │ map:  0.73 kB
dist/plugin/react-client/index.js                                   1.47 kB │ map:  0.78 kB
dist/plugin/stream/handleRscStream.js                               1.52 kB │ map:  0.82 kB
dist/plugin/loader/directives/index.js                              1.52 kB │ map:  0.11 kB
dist/plugin/config/interpolatePattern.js                            1.53 kB │ map:  0.90 kB
dist/plugin/error/serializeErrorInfo.js                             1.56 kB │ map:  0.85 kB
dist/plugin/vendor/vendor.js                                        1.58 kB │ map:  0.85 kB
dist/plugin/root.js                                                 1.59 kB │ map:  0.82 kB
dist/plugin/dev-server/handleServerAction.server.js                 1.59 kB │ map:  0.79 kB
dist/plugin/config/getPaths.js                                      1.65 kB │ map:  0.86 kB
dist/plugin/loader/removeDirectives.js                              1.68 kB │ map:  0.91 kB
dist/plugin/dev-server/cleanupServerAction.server.js                1.77 kB │ map:  1.02 kB
dist/plugin/helpers/resolveStreamElements.js                        1.78 kB │ map:  0.99 kB
dist/plugin/vendor/vendor.server.js                                 1.83 kB │ map:  0.98 kB
dist/plugin/vendor/vendor.static.js                                 1.83 kB │ map:  0.98 kB
dist/plugin/react-server/index.js                                   1.85 kB │ map:  1.01 kB
dist/plugin/helpers/logRenderStart.js                               1.87 kB │ map:  1.14 kB
dist/plugin/error/shouldPanic.js                                    1.88 kB │ map:  1.00 kB
dist/plugin/config/getNodeEnv.js                                    1.89 kB │ map:  1.07 kB
dist/plugin/components/root.js                                      1.99 kB │ map:  1.07 kB
dist/plugin/loader/removeRanges.js                                  2.04 kB │ map:  1.16 kB
dist/plugin/loader/transformWithAcornLoose.js                       2.11 kB │ map:  1.25 kB
dist/index.js                                                       2.16 kB │ map:  1.18 kB
dist/plugin/components/html.js                                      2.19 kB │ map:  1.15 kB
dist/plugin/vendor/vendor.client.js                                 2.21 kB │ map:  1.14 kB
dist/plugin/react-static/index.js                                   2.27 kB │ map:  1.29 kB
dist/plugin/dev-server/index.js                                     2.30 kB │ map:  1.26 kB
dist/plugin/helpers/resolveRenderUrl.js                             2.32 kB │ map:  1.32 kB
dist/plugin/helpers/resolveWithDefaultRootAndHtml.js                2.36 kB │ map:  1.42 kB
dist/plugin/helpers/handleServerAction.js                           2.38 kB │ map:  1.19 kB
dist/plugin/helpers/hydrateUserOptions.js                           2.38 kB │ map:  1.37 kB
dist/plugin/orchestrator/createPluginOrchestrator.js                2.45 kB │ map:  1.46 kB
dist/plugin/loader/directives/getExports.js                         2.54 kB │ map:  1.39 kB
dist/plugin/metrics/createModuleResolutionMetrics.js                2.55 kB │ map:  1.41 kB
dist/plugin/error/panicThresholdHandler.js                          2.61 kB │ map:  1.70 kB
dist/plugin/config/index.js                                         2.68 kB │ map:  0.12 kB
dist/plugin/metrics/createStreamMetrics.js                          2.70 kB │ map:  1.46 kB
dist/plugin/config/autoDiscover/customWorkerFiles.js                2.76 kB │ map:  1.55 kB
dist/plugin/loader/directives/collectExportsFromModule.js           2.80 kB │ map:  1.53 kB
dist/plugin/config/resolveDirectiveMatcher.js                       2.82 kB │ map:  1.75 kB
dist/plugin/helpers/stashReturnValue.js                             2.87 kB │ map:  1.57 kB
dist/plugin/utils/createCallServer.js                               2.87 kB │ map:  1.51 kB
dist/plugin/metrics/convertStreamMetrics.js                         2.92 kB │ map:  1.57 kB
dist/plugin/stream/createFromNodeStream.server.js                   2.95 kB │ map:  1.63 kB
dist/plugin/config/resolvePatternWithValues.js                      2.98 kB │ map:  1.88 kB
dist/plugin/utils/createReactFetcher.js                             3.05 kB │ map:  1.60 kB
dist/plugin/config/autoDiscover/pageAndPropFiles.js                 3.13 kB │ map:  1.86 kB
dist/plugin/utils/routeToURL.js                                     3.16 kB │ map:  1.83 kB
dist/plugin/stream/createMessageChannels.js                         3.23 kB │ map:  1.88 kB
dist/plugin/stream/createRscStream.client.js                        3.48 kB │ map:  2.26 kB
dist/plugin/config/autoDiscover/createGlobAutoDiscover.js           3.60 kB │ map:  2.02 kB
dist/plugin/metrics/collectStreamMetrics.js                         3.62 kB │ map:  2.02 kB
dist/plugin/loader/directives/utils.js                              3.64 kB │ map:  2.01 kB
dist/plugin/config/createHandlerOptions.js                          3.69 kB │ map:  2.43 kB
dist/plugin/loader/directives/getFunctionBody.js                    3.72 kB │ map:  2.01 kB
dist/plugin/components/css.js                                       3.73 kB │ map:  2.10 kB
dist/plugin/dev-server/cleanupServerAction.client.js                3.73 kB │ map:  2.17 kB
dist/plugin/error/enhanceError.js                                   3.89 kB │ map:  2.19 kB
dist/plugin/metrics/createRenderMetrics.js                          3.98 kB │ map:  2.17 kB
dist/plugin/plugin.client.js                                        4.02 kB │ map:  2.30 kB
dist/plugin/metrics/formatMetrics.js                                4.03 kB │ map:  2.22 kB
dist/plugin/dev-server/configureRequestHandler.server.js            4.11 kB │ map:  2.25 kB
dist/plugin/config/resolvePages.js                                  4.15 kB │ map:  2.32 kB
dist/plugin/worker/rsc/workerUserOptions.js                         4.40 kB │ map:  2.47 kB
dist/plugin/helpers/tryManifest.js                                  4.41 kB │ map:  2.59 kB
dist/plugin/dev-server/configureReactServer.client.js               4.50 kB │ map:  2.51 kB
dist/plugin/loader/transformModuleIfNeeded.js                       4.57 kB │ map:  2.99 kB
dist/plugin/plugin.server.js                                        4.66 kB │ map:  2.64 kB
dist/plugin/error/serializeError.js                                 4.72 kB │ map:  2.63 kB
dist/plugin/helpers/requestToRoute.js                               4.80 kB │ map:  2.68 kB
dist/plugin/config/resolveAllowedDirectives.js                      4.90 kB │ map:  2.94 kB
dist/plugin/loader/parse.js                                         5.20 kB │ map:  2.87 kB
dist/plugin/worker/sendMessage.js                                   5.32 kB │ map:  2.89 kB
dist/plugin/loader/directives/findDirectiveMatches.js               5.34 kB │ map:  3.07 kB
dist/plugin/stream/createHtmlStream.client.js                       5.60 kB │ map:  3.01 kB
dist/plugin/env/getEnvKey.js                                        5.82 kB │ map:  3.67 kB
dist/plugin/error/setupGlobalErrorHandler.js                        5.86 kB │ map:  3.29 kB
dist/plugin/error/handleError.js                                    6.05 kB │ map:  3.39 kB
dist/plugin/dev-server/plugin.server.js                             6.06 kB │ map:  3.23 kB
dist/plugin/config/stashedOptionsState.js                           6.06 kB │ map:  3.96 kB
dist/plugin/helpers/index.js                                        6.11 kB │ map:  2.48 kB
dist/plugin/loader/directives/getFunctionName.js                    6.27 kB │ map:  3.63 kB
dist/plugin/config/extMap.js                                        6.35 kB │ map:  3.62 kB
dist/plugin/loader/directives/addLocalExportedNames.js              6.38 kB │ map:  3.60 kB
dist/plugin/env/plugin.js                                           6.42 kB │ map:  3.48 kB
dist/plugin/loader/directives/analyzeModule.js                      6.45 kB │ map:  3.59 kB
dist/plugin/config/parsePattern.js                                  6.62 kB │ map:  4.34 kB
dist/plugin/helpers/collectManifestCss.js                           6.67 kB │ map:  3.81 kB
dist/plugin/helpers/pipeToResponse.js                               6.80 kB │ map:  3.90 kB
dist/plugin/helpers/moduleResolver.js                               6.91 kB │ map:  3.92 kB
dist/plugin/config/resolveRegExp.js                                 7.01 kB │ map:  4.42 kB
dist/plugin/stream/MessagePortWritable.js                           7.22 kB │ map:  4.33 kB
dist/plugin/error/logError.js                                       7.63 kB │ map:  4.33 kB
dist/plugin/stream/index.js                                         7.67 kB │ map:  5.09 kB
dist/plugin/dev-server/plugin.client.js                             7.78 kB │ map:  4.16 kB
dist/plugin/helpers/createPatternMatcher.js                         7.81 kB │ map:  4.65 kB
dist/plugin/helpers/resolvePage.js                                  7.93 kB │ map:  4.68 kB
dist/plugin/stream/handleRscStream.server.js                        8.06 kB │ map:  4.47 kB
dist/plugin/stream/createFromNodeStream.client.js                   8.84 kB │ map:  4.90 kB
dist/plugin/config/mimeTypes.js                                     8.85 kB │ map:  4.72 kB
dist/plugin/dev-server/handleServerAction.client.js                 8.89 kB │ map:  5.01 kB
dist/plugin/loader/directives/getQualifiedName.js                   9.13 kB │ map:  5.02 kB
dist/plugin/loader/directives/getExportedName.js                    9.22 kB │ map:  5.29 kB
dist/plugin/worker/rsc/state.js                                     9.45 kB │ map:  5.40 kB
dist/plugin/helpers/createElementWithReact.js                       9.56 kB │ map:  5.41 kB
dist/plugin/helpers/createCssProps.js                               9.60 kB │ map:  5.57 kB
dist/plugin/loader/transformNonServerEnvironment.js                 9.61 kB │ map:  5.49 kB
dist/plugin/loader/transformModule.js                               9.69 kB │ map:  5.50 kB
dist/plugin/helpers/cleanObject.js                                  9.80 kB │ map:  5.65 kB
dist/plugin/helpers/mergeMessageWithDefaults.js                     9.89 kB │ map:  5.34 kB
dist/plugin/stream/MessagePortReadable.js                           9.92 kB │ map:  5.87 kB
dist/plugin/stream/createRscStreamTwoPort.client.js                10.17 kB │ map:  5.84 kB
dist/plugin/config/resolveUrlOption.js                             10.78 kB │ map:  6.49 kB
dist/plugin/loader/directives/processFunctionNode.js               10.97 kB │ map:  6.05 kB
dist/plugin/helpers/resolveComponent.js                            11.26 kB │ map:  6.99 kB
dist/plugin/react-static/configurePreviewServer.js                 11.29 kB │ map:  6.24 kB
dist/plugin/loader/createDefaultLoader.js                          11.35 kB │ map:  6.51 kB
dist/plugin/stream/createRscStream.utils.js                        12.41 kB │ map:  7.30 kB
dist/plugin/helpers/getBundleManifest.js                           12.59 kB │ map:  7.23 kB
dist/plugin/react-static/collectRscContent.js                      12.62 kB │ map:  7.21 kB
dist/plugin/file-preserver/plugin.js                               12.68 kB │ map:  7.26 kB
dist/plugin/loader/env-loader.js                                   12.69 kB │ map:  7.18 kB
dist/plugin/helpers/createUnifiedCssProcessor.js                   12.93 kB │ map:  7.61 kB
dist/plugin/loader/transformClientModule.js                        13.00 kB │ map:  7.27 kB
dist/plugin/dev-server/restartWorker.client.js                     13.51 kB │ map:  7.33 kB
dist/plugin/worker/rsc/handlers.js                                 13.88 kB │ map:  7.75 kB
dist/plugin/stream/createRscStream.server.js                       14.51 kB │ map:  8.32 kB
dist/plugin/loader/directives/typeGuards.js                        14.82 kB │ map:  8.36 kB
dist/plugin/helpers/resolveComponents.client.js                    14.91 kB │ map:  8.37 kB
dist/plugin/helpers/createSerializableHandlerOptions.js            15.12 kB │ map:  8.94 kB
dist/plugin/loader/directives/collectExports.js                    15.39 kB │ map:  8.73 kB
dist/plugin/stream/createRscWorkerStream.js                        15.51 kB │ map:  9.03 kB
dist/plugin/error/toError.js                                       15.58 kB │ map:  8.85 kB
dist/plugin/loader/sourceMap.js                                    15.91 kB │ map:  9.19 kB
dist/plugin/config/autoDiscover/resolveAutoDiscover.js             16.08 kB │ map:  9.16 kB
dist/plugin/loader/css-loader.js                                   16.22 kB │ map:  9.49 kB
dist/plugin/helpers/resolveProps.js                                17.40 kB │ map: 10.43 kB
dist/plugin/helpers/resolvePageAndProps.js                         18.21 kB │ map: 10.14 kB
dist/plugin/helpers/getRouteFiles.js                               18.22 kB │ map: 10.61 kB
dist/plugin/helpers/collectViteModuleGraphCss.js                   18.68 kB │ map: 10.81 kB
dist/plugin/stream/handleRscStream.client.js                       18.71 kB │ map: 10.57 kB
dist/plugin/utils/urls.js                                          19.83 kB │ map: 11.96 kB
dist/plugin/stream/createRenderToPipeableStreamHandler.client.js   19.99 kB │ map: 11.20 kB
dist/plugin/loader/transformServerModule.js                        21.71 kB │ map: 12.41 kB
dist/plugin/metrics/metricWatcher.js                               22.49 kB │ map: 12.90 kB
dist/plugin/config/resolveEnv.js                                   23.18 kB │ map: 13.10 kB
dist/plugin/config/flightBindings.js                               23.96 kB │ map: 12.75 kB
dist/plugin/helpers/requestInfo.js                                 23.99 kB │ map: 13.33 kB
dist/plugin/worker/rsc/rsc-worker.development.js                   24.12 kB │ map: 13.31 kB
dist/plugin/worker/rsc/createRscWorkerLoader.js                    24.50 kB │ map: 13.76 kB
dist/plugin/config/getCondition.js                                 24.51 kB │ map: 14.10 kB
dist/plugin/config/createModuleID.js                               25.27 kB │ map: 14.98 kB
dist/plugin/loader/react-loader.js                                 26.75 kB │ map: 15.08 kB
dist/plugin/dev-server/configureRequestHandler.client.js           26.78 kB │ map: 14.74 kB
dist/plugin/worker/rsc/rsc-worker.production.js                    28.18 kB │ map: 15.62 kB
dist/plugin/helpers/inputNormalizer.js                             29.90 kB │ map: 17.08 kB
dist/plugin/react-static/fileWriter.js                             30.36 kB │ map: 17.03 kB
dist/plugin/loader/createTransformer.js                            30.82 kB │ map: 17.24 kB
dist/plugin/stream/createHtmlStream.server.js                      30.97 kB │ map: 17.63 kB
dist/plugin/config/autoDiscover/resolveBuildPages.js               31.93 kB │ map: 17.87 kB
dist/plugin/stream/createRenderToPipeableStreamHandler.server.js   32.41 kB │ map: 18.32 kB
dist/plugin/helpers/serializeUserOptions.js                        33.51 kB │ map: 18.68 kB
dist/plugin/config/defaults.js                                     34.35 kB │ map: 18.55 kB
dist/plugin/dev-server/configureReactServer.server.js              35.77 kB │ map: 19.77 kB
dist/plugin/config/createHandlerOptions.client.js                  38.65 kB │ map: 20.94 kB
dist/plugin/loader/directives/analyzeDirectives.js                 39.63 kB │ map: 22.08 kB
dist/plugin/worker/createWorker.js                                 44.25 kB │ map: 25.06 kB
dist/plugin/worker/rsc/handleRscRender.js                          47.60 kB │ map: 27.03 kB
dist/plugin/config/createHandlerOptions.server.js                  50.75 kB │ map: 27.92 kB
dist/plugin/config/resolveUserConfig.js                            71.91 kB │ map: 40.54 kB
dist/plugin/react-static/renderPages.js                            79.52 kB │ map: 43.95 kB
dist/plugin/config/resolveOptions.js                               85.27 kB │ map: 47.81 kB
dist/plugin/worker/rsc/messageHandler.js                          110.71 kB │ map: 61.52 kB
✓ built in 557ms

> vite-plugin-react-server@1.2.0-alpha.2 test:client
> vitest run test/examples/error-boundaries-build.test.ts

[?25l
 RUN  v3.0.4 /home/nico/code/vite-plugin-react-server

stdout | test/examples/error-boundaries-build.test.ts > Error Boundaries Build (Cross-Environment) > should generate error boundary components in static output
[react-static-client] Auto-discovery completed

stdout | test/examples/error-boundaries-build.test.ts > Error Boundaries Build (Cross-Environment) > should generate error boundary components in static output
[react-static-client] Auto-discovery completed

stdout | test/examples/error-boundaries-build.test.ts > Error Boundaries Build (Cross-Environment) > should generate error boundary components in static output
[react-static-client] Auto-discovery completed

stdout | test/examples/error-boundaries-build.test.ts > Error Boundaries Build (Cross-Environment) > should generate error boundary components in static output
[react-static-client] Auto-discovery completed

stdout | test/examples/error-boundaries-build.test.ts > Error Boundaries Build (Cross-Environment) > should generate error boundary components in static output
vite v6.3.5 building for test...

stdout | test/examples/error-boundaries-build.test.ts > Error Boundaries Build (Cross-Environment) > should generate error boundary components in static output
transforming...

stdout | test/examples/error-boundaries-build.test.ts > Error Boundaries Build (Cross-Environment) > should generate error boundary components in static output
✓ 24 modules transformed.

stdout | test/examples/error-boundaries-build.test.ts > Error Boundaries Build (Cross-Environment) > should generate error boundary components in static output
rendering chunks...

stdout | test/examples/error-boundaries-build.test.ts > Error Boundaries Build (Cross-Environment) > should generate error boundary components in static output
Test Event: [32m'build.writeBundle.client'[39m
computing gzip size...

stdout | test/examples/error-boundaries-build.test.ts > Error Boundaries Build (Cross-Environment) > should generate error boundary components in static output
dist-error-boundaries-build-none-client/static/index.html                                                         0.24 kB │ gzip:   0.17 kB
dist-error-boundaries-build-none-client/static/.vite/manifest.json                                                0.91 kB │ gzip:   0.24 kB
dist-error-boundaries-build-none-client/static/.vite/ssr-manifest.json                                            1.98 kB │ gzip:   0.33 kB
dist-error-boundaries-build-none-client/static/page/client-error-example/ClientErrorComponent.client-69gvqa.js    0.43 kB │ gzip:   0.24 kB
dist-error-boundaries-build-none-client/static/components/ErrorBoundary.client-19ifto1.js                         0.84 kB │ gzip:   0.40 kB
dist-error-boundaries-build-none-client/static/index2.js                                                         21.51 kB │ gzip:   7.75 kB
dist-error-boundaries-build-none-client/static/index.js                                                         396.32 kB │ gzip: 118.68 kB

stdout | test/examples/error-boundaries-build.test.ts > Error Boundaries Build (Cross-Environment) > should generate error boundary components in static output
✓ built in 950ms

stdout | test/examples/error-boundaries-build.test.ts > Error Boundaries Build (Cross-Environment) > should generate error boundary components in static output
vite v6.3.5 building SSR bundle for test...

stdout | test/examples/error-boundaries-build.test.ts > Error Boundaries Build (Cross-Environment) > should generate error boundary components in static output
transforming...

stdout | test/examples/error-boundaries-build.test.ts > Error Boundaries Build (Cross-Environment) > should generate error boundary components in static output
✓ 3 modules transformed.

stdout | test/examples/error-boundaries-build.test.ts > Error Boundaries Build (Cross-Environment) > should generate error boundary components in static output
rendering chunks...

stdout | test/examples/error-boundaries-build.test.ts > Error Boundaries Build (Cross-Environment) > should generate error boundary components in static output
Test Event: [32m'build.writeBundle.static'[39m

stdout | test/examples/error-boundaries-build.test.ts > Error Boundaries Build (Cross-Environment) > should generate error boundary components in static output
dist-error-boundaries-build-none-client/client/.vite/ssr-manifest.json                                          0.16 kB
dist-error-boundaries-build-none-client/client/.vite/manifest.json                                              0.62 kB
dist-error-boundaries-build-none-client/client/page/client-error-example/ClientErrorComponent.client-69gvqa.js  0.61 kB
dist-error-boundaries-build-none-client/client/components/ErrorBoundary.client-19ifto1.js                       1.38 kB

stdout | test/examples/error-boundaries-build.test.ts > Error Boundaries Build (Cross-Environment) > should generate error boundary components in static output
✓ built in 13ms

stdout | test/examples/error-boundaries-build.test.ts > Error Boundaries Build (Cross-Environment) > should generate error boundary components in static output
vite v6.3.5 building SSR bundle for test...

stdout | test/examples/error-boundaries-build.test.ts > Error Boundaries Build (Cross-Environment) > should generate error boundary components in static output
Test Event: [32m'build.start'[39m

stdout | test/examples/error-boundaries-build.test.ts > Error Boundaries Build (Cross-Environment) > should generate error boundary components in static output
transforming...

stdout | test/examples/error-boundaries-build.test.ts > Error Boundaries Build (Cross-Environment) > should generate error boundary components in static output
✓ 7 modules transformed.

stdout | test/examples/error-boundaries-build.test.ts > Error Boundaries Build (Cross-Environment) > should generate error boundary components in static output
rendering chunks...

stdout | test/examples/error-boundaries-build.test.ts > Error Boundaries Build (Cross-Environment) > should generate error boundary components in static output
[manifests] Successfully updated shared state for server
Test Event: [32m'build.writeBundle.server'[39m

stdout | test/examples/error-boundaries-build.test.ts > Error Boundaries Build (Cross-Environment) > should generate error boundary components in static output
dist-error-boundaries-build-none-client/server/.vite/ssr-manifest.json                                          0.31 kB
dist-error-boundaries-build-none-client/server/.vite/manifest.json                                              1.26 kB
dist-error-boundaries-build-none-client/server/page/props.js                                                    0.09 kB
dist-error-boundaries-build-none-client/server/page/server-error-example/props.js                               0.15 kB
dist-error-boundaries-build-none-client/server/page/page.js                                                     0.28 kB
dist-error-boundaries-build-none-client/server/components/ErrorBoundary.client-19ifto1.js                       0.30 kB
dist-error-boundaries-build-none-client/server/page/client-error-example/ClientErrorComponent.client-69gvqa.js  0.35 kB
dist-error-boundaries-build-none-client/server/page/server-error-example/page.js                                0.60 kB

stdout | test/examples/error-boundaries-build.test.ts > Error Boundaries Build (Cross-Environment) > should generate error boundary components in static output
✓ built in 22ms

stdout | test/examples/error-boundaries-build.test.ts > Error Boundaries Build (Cross-Environment) > should generate error boundary components in static output
_______ vite-plugin-react-server ______
[35mRSC-worker started in [0m 226ms (initial route: /)
Test Event: [32m'build.ssg.start'[39m

stdout | test/examples/error-boundaries-build.test.ts > Error Boundaries Build (Cross-Environment) > should generate error boundary components in static output
Test Event: [32m'file.write'[39m
Test Event: [32m'file.write'[39m

stdout | test/examples/error-boundaries-build.test.ts > Error Boundaries Build (Cross-Environment) > should generate error boundary components in static output
Test Event: [32m'file.write.done'[39m

stdout | test/examples/error-boundaries-build.test.ts > Error Boundaries Build (Cross-Environment) > should generate error boundary components in static output
Test Event: [32m'file.write.done'[39m
[2mdist-error-boundaries-build-none-client/static[0m[36m/index.html[0m [1m320 B[0m [90m18ms[0m
[2mdist-error-boundaries-build-none-client/static[0m[36m/index.rsc[0m [1m2.2 kB[0m [90m3ms[0m

stdout | test/examples/error-boundaries-build.test.ts > Error Boundaries Build (Cross-Environment) > should generate error boundary components in static output
Test Event: [32m'file.write'[39m
Test Event: [32m'file.write'[39m

stdout | test/examples/error-boundaries-build.test.ts > Error Boundaries Build (Cross-Environment) > should generate error boundary components in static output
Test Event: [32m'route.error'[39m
Test error for route: /server-error-example

stdout | test/examples/error-boundaries-build.test.ts > Error Boundaries Build (Cross-Environment) > should generate error boundary components in static output
Test Event: [32m'route.error'[39m
Test error for route: /server-error-example

stdout | test/examples/error-boundaries-build.test.ts > Error Boundaries Build (Cross-Environment) > should not fail to build with panicThreshold: "critical_errors" when page has server errors
[react-static-client] Auto-discovery completed

stdout | test/examples/error-boundaries-build.test.ts > Error Boundaries Build (Cross-Environment) > should not fail to build with panicThreshold: "critical_errors" when page has server errors
[react-static-client] Auto-discovery completed

stdout | test/examples/error-boundaries-build.test.ts > Error Boundaries Build (Cross-Environment) > should not fail to build with panicThreshold: "critical_errors" when page has server errors
[react-static-client] Auto-discovery completed

stdout | test/examples/error-boundaries-build.test.ts > Error Boundaries Build (Cross-Environment) > should not fail to build with panicThreshold: "critical_errors" when page has server errors
[react-static-client] Auto-discovery completed

stdout | test/examples/error-boundaries-build.test.ts > Error Boundaries Build (Cross-Environment) > should not fail to build with panicThreshold: "critical_errors" when page has server errors
vite v6.3.5 building for test...

stdout | test/examples/error-boundaries-build.test.ts > Error Boundaries Build (Cross-Environment) > should not fail to build with panicThreshold: "critical_errors" when page has server errors
transforming...

stdout | test/examples/error-boundaries-build.test.ts > Error Boundaries Build (Cross-Environment) > should not fail to build with panicThreshold: "critical_errors" when page has server errors
✓ 24 modules transformed.

stdout | test/examples/error-boundaries-build.test.ts > Error Boundaries Build (Cross-Environment) > should not fail to build with panicThreshold: "critical_errors" when page has server errors
rendering chunks...

stdout | test/examples/error-boundaries-build.test.ts > Error Boundaries Build (Cross-Environment) > should not fail to build with panicThreshold: "critical_errors" when page has server errors
Test Event: [32m'build.writeBundle.client'[39m
computing gzip size...

stdout | test/examples/error-boundaries-build.test.ts > Error Boundaries Build (Cross-Environment) > should not fail to build with panicThreshold: "critical_errors" when page has server errors
dist-error-boundaries-panic-critical-errors-client/static/index.html                                                         0.24 kB │ gzip:   0.17 kB
dist-error-boundaries-panic-critical-errors-client/static/.vite/manifest.json                                                0.91 kB │ gzip:   0.24 kB
dist-error-boundaries-panic-critical-errors-client/static/.vite/ssr-manifest.json                                            1.98 kB │ gzip:   0.33 kB
dist-error-boundaries-panic-critical-errors-client/static/page/client-error-example/ClientErrorComponent.client-69gvqa.js    0.43 kB │ gzip:   0.24 kB
dist-error-boundaries-panic-critical-errors-client/static/components/ErrorBoundary.client-19ifto1.js                         0.84 kB │ gzip:   0.40 kB
dist-error-boundaries-panic-critical-errors-client/static/index2.js                                                         21.51 kB │ gzip:   7.75 kB
dist-error-boundaries-panic-critical-errors-client/static/index.js                                                         396.32 kB │ gzip: 118.68 kB

stdout | test/examples/error-boundaries-build.test.ts > Error Boundaries Build (Cross-Environment) > should not fail to build with panicThreshold: "critical_errors" when page has server errors
✓ built in 759ms

stdout | test/examples/error-boundaries-build.test.ts > Error Boundaries Build (Cross-Environment) > should not fail to build with panicThreshold: "critical_errors" when page has server errors
vite v6.3.5 building SSR bundle for test...

stdout | test/examples/error-boundaries-build.test.ts > Error Boundaries Build (Cross-Environment) > should not fail to build with panicThreshold: "critical_errors" when page has server errors
transforming...

stdout | test/examples/error-boundaries-build.test.ts > Error Boundaries Build (Cross-Environment) > should not fail to build with panicThreshold: "critical_errors" when page has server errors
✓ 3 modules transformed.

stdout | test/examples/error-boundaries-build.test.ts > Error Boundaries Build (Cross-Environment) > should not fail to build with panicThreshold: "critical_errors" when page has server errors
rendering chunks...

stdout | test/examples/error-boundaries-build.test.ts > Error Boundaries Build (Cross-Environment) > should not fail to build with panicThreshold: "critical_errors" when page has server errors
Test Event: [32m'build.writeBundle.static'[39m

stdout | test/examples/error-boundaries-build.test.ts > Error Boundaries Build (Cross-Environment) > should not fail to build with panicThreshold: "critical_errors" when page has server errors
dist-error-boundaries-panic-critical-errors-client/client/.vite/ssr-manifest.json                                          0.16 kB
dist-error-boundaries-panic-critical-errors-client/client/.vite/manifest.json                                              0.62 kB
dist-error-boundaries-panic-critical-errors-client/client/page/client-error-example/ClientErrorComponent.client-69gvqa.js  0.61 kB
dist-error-boundaries-panic-critical-errors-client/client/components/ErrorBoundary.client-19ifto1.js                       1.38 kB

stdout | test/examples/error-boundaries-build.test.ts > Error Boundaries Build (Cross-Environment) > should not fail to build with panicThreshold: "critical_errors" when page has server errors
✓ built in 11ms

stdout | test/examples/error-boundaries-build.test.ts > Error Boundaries Build (Cross-Environment) > should not fail to build with panicThreshold: "critical_errors" when page has server errors
vite v6.3.5 building SSR bundle for test...

stdout | test/examples/error-boundaries-build.test.ts > Error Boundaries Build (Cross-Environment) > should not fail to build with panicThreshold: "critical_errors" when page has server errors
Test Event: [32m'build.start'[39m

stdout | test/examples/error-boundaries-build.test.ts > Error Boundaries Build (Cross-Environment) > should not fail to build with panicThreshold: "critical_errors" when page has server errors
transforming...

stdout | test/examples/error-boundaries-build.test.ts > Error Boundaries Build (Cross-Environment) > should not fail to build with panicThreshold: "critical_errors" when page has server errors
✓ 7 modules transformed.

stdout | test/examples/error-boundaries-build.test.ts > Error Boundaries Build (Cross-Environment) > should not fail to build with panicThreshold: "critical_errors" when page has server errors
rendering chunks...

stdout | test/examples/error-boundaries-build.test.ts > Error Boundaries Build (Cross-Environment) > should not fail to build with panicThreshold: "critical_errors" when page has server errors
[manifests] Successfully updated shared state for server
Test Event: [32m'build.writeBundle.server'[39m

stdout | test/examples/error-boundaries-build.test.ts > Error Boundaries Build (Cross-Environment) > should not fail to build with panicThreshold: "critical_errors" when page has server errors
dist-error-boundaries-panic-critical-errors-client/server/.vite/ssr-manifest.json                                          0.31 kB
dist-error-boundaries-panic-critical-errors-client/server/.vite/manifest.json                                              1.26 kB
dist-error-boundaries-panic-critical-errors-client/server/page/props.js                                                    0.09 kB
dist-error-boundaries-panic-critical-errors-client/server/page/server-error-example/props.js                               0.15 kB
dist-error-boundaries-panic-critical-errors-client/server/page/page.js                                                     0.28 kB
dist-error-boundaries-panic-critical-errors-client/server/components/ErrorBoundary.client-19ifto1.js                       0.30 kB
dist-error-boundaries-panic-critical-errors-client/server/page/client-error-example/ClientErrorComponent.client-69gvqa.js  0.35 kB
dist-error-boundaries-panic-critical-errors-client/server/page/server-error-example/page.js                                0.60 kB

stdout | test/examples/error-boundaries-build.test.ts > Error Boundaries Build (Cross-Environment) > should not fail to build with panicThreshold: "critical_errors" when page has server errors
✓ built in 18ms

stdout | test/examples/error-boundaries-build.test.ts > Error Boundaries Build (Cross-Environment) > should not fail to build with panicThreshold: "critical_errors" when page has server errors
Test Event: [32m'build.ssg.start'[39m

stdout | test/examples/error-boundaries-build.test.ts > Error Boundaries Build (Cross-Environment) > should not fail to build with panicThreshold: "critical_errors" when page has server errors
Test Event: [32m'file.write'[39m
Test Event: [32m'file.write'[39m

stdout | test/examples/error-boundaries-build.test.ts > Error Boundaries Build (Cross-Environment) > should not fail to build with panicThreshold: "critical_errors" when page has server errors
Test Event: [32m'file.write.done'[39m

stdout | test/examples/error-boundaries-build.test.ts > Error Boundaries Build (Cross-Environment) > should not fail to build with panicThreshold: "critical_errors" when page has server errors
Test Event: [32m'file.write.done'[39m
[2mdist-error-boundaries-panic-critical-errors-client/static[0m[36m/index.html[0m [1m320 B[0m [90m16ms[0m
[2mdist-error-boundaries-panic-critical-errors-client/static[0m[36m/index.rsc[0m [1m2.2 kB[0m [90m5ms[0m

stdout | test/examples/error-boundaries-build.test.ts > Error Boundaries Build (Cross-Environment) > should not fail to build with panicThreshold: "critical_errors" when page has server errors
Test Event: [32m'file.write'[39m
Test Event: [32m'file.write'[39m

stdout | test/examples/error-boundaries-build.test.ts > Error Boundaries Build (Cross-Environment) > should not fail to build with panicThreshold: "critical_errors" when page has server errors
Test Event: [32m'route.error'[39m
Test error for route: /server-error-example

stdout | test/examples/error-boundaries-build.test.ts > Error Boundaries Build (Cross-Environment) > should not fail to build with panicThreshold: "critical_errors" when page has server errors
Test Event: [32m'route.error'[39m
Test error for route: /server-error-example

stdout | test/examples/error-boundaries-build.test.ts > Error Boundaries Build (Cross-Environment) > should fail to build with panicThreshold: "all_errors" when page has server errors
[react-static-client] Auto-discovery completed

stdout | test/examples/error-boundaries-build.test.ts > Error Boundaries Build (Cross-Environment) > should fail to build with panicThreshold: "all_errors" when page has server errors
[react-static-client] Auto-discovery completed

stdout | test/examples/error-boundaries-build.test.ts > Error Boundaries Build (Cross-Environment) > should fail to build with panicThreshold: "all_errors" when page has server errors
[react-static-client] Auto-discovery completed

stdout | test/examples/error-boundaries-build.test.ts > Error Boundaries Build (Cross-Environment) > should fail to build with panicThreshold: "all_errors" when page has server errors
[react-static-client] Auto-discovery completed

stdout | test/examples/error-boundaries-build.test.ts > Error Boundaries Build (Cross-Environment) > should fail to build with panicThreshold: "all_errors" when page has server errors
vite v6.3.5 building for test...

stdout | test/examples/error-boundaries-build.test.ts > Error Boundaries Build (Cross-Environment) > should fail to build with panicThreshold: "all_errors" when page has server errors
transforming...

stdout | test/examples/error-boundaries-build.test.ts > Error Boundaries Build (Cross-Environment) > should fail to build with panicThreshold: "all_errors" when page has server errors
✓ 24 modules transformed.

stdout | test/examples/error-boundaries-build.test.ts > Error Boundaries Build (Cross-Environment) > should fail to build with panicThreshold: "all_errors" when page has server errors
rendering chunks...

stdout | test/examples/error-boundaries-build.test.ts > Error Boundaries Build (Cross-Environment) > should fail to build with panicThreshold: "all_errors" when page has server errors
Test Event: [32m'build.writeBundle.client'[39m
computing gzip size...

stdout | test/examples/error-boundaries-build.test.ts > Error Boundaries Build (Cross-Environment) > should fail to build with panicThreshold: "all_errors" when page has server errors
dist-error-boundaries-panic-all-errors-client/static/index.html                                                         0.24 kB │ gzip:   0.17 kB
dist-error-boundaries-panic-all-errors-client/static/.vite/manifest.json                                                0.91 kB │ gzip:   0.24 kB
dist-error-boundaries-panic-all-errors-client/static/.vite/ssr-manifest.json                                            1.98 kB │ gzip:   0.33 kB
dist-error-boundaries-panic-all-errors-client/static/page/client-error-example/ClientErrorComponent.client-69gvqa.js    0.43 kB │ gzip:   0.24 kB
dist-error-boundaries-panic-all-errors-client/static/components/ErrorBoundary.client-19ifto1.js                         0.84 kB │ gzip:   0.40 kB
dist-error-boundaries-panic-all-errors-client/static/index2.js                                                         21.51 kB │ gzip:   7.75 kB
dist-error-boundaries-panic-all-errors-client/static/index.js                                                         396.32 kB │ gzip: 118.68 kB

stdout | test/examples/error-boundaries-build.test.ts > Error Boundaries Build (Cross-Environment) > should fail to build with panicThreshold: "all_errors" when page has server errors
✓ built in 670ms

stdout | test/examples/error-boundaries-build.test.ts > Error Boundaries Build (Cross-Environment) > should fail to build with panicThreshold: "all_errors" when page has server errors
vite v6.3.5 building SSR bundle for test...

stdout | test/examples/error-boundaries-build.test.ts > Error Boundaries Build (Cross-Environment) > should fail to build with panicThreshold: "all_errors" when page has server errors
transforming...

stdout | test/examples/error-boundaries-build.test.ts > Error Boundaries Build (Cross-Environment) > should fail to build with panicThreshold: "all_errors" when page has server errors
✓ 3 modules transformed.

stdout | test/examples/error-boundaries-build.test.ts > Error Boundaries Build (Cross-Environment) > should fail to build with panicThreshold: "all_errors" when page has server errors
rendering chunks...

stdout | test/examples/error-boundaries-build.test.ts > Error Boundaries Build (Cross-Environment) > should fail to build with panicThreshold: "all_errors" when page has server errors
Test Event: [32m'build.writeBundle.static'[39m

stdout | test/examples/error-boundaries-build.test.ts > Error Boundaries Build (Cross-Environment) > should fail to build with panicThreshold: "all_errors" when page has server errors
dist-error-boundaries-panic-all-errors-client/client/.vite/ssr-manifest.json                                          0.16 kB
dist-error-boundaries-panic-all-errors-client/client/.vite/manifest.json                                              0.62 kB
dist-error-boundaries-panic-all-errors-client/client/page/client-error-example/ClientErrorComponent.client-69gvqa.js  0.61 kB
dist-error-boundaries-panic-all-errors-client/client/components/ErrorBoundary.client-19ifto1.js                       1.38 kB

stdout | test/examples/error-boundaries-build.test.ts > Error Boundaries Build (Cross-Environment) > should fail to build with panicThreshold: "all_errors" when page has server errors
✓ built in 11ms

stdout | test/examples/error-boundaries-build.test.ts > Error Boundaries Build (Cross-Environment) > should fail to build with panicThreshold: "all_errors" when page has server errors
vite v6.3.5 building SSR bundle for test...

stdout | test/examples/error-boundaries-build.test.ts > Error Boundaries Build (Cross-Environment) > should fail to build with panicThreshold: "all_errors" when page has server errors
Test Event: [32m'build.start'[39m

stdout | test/examples/error-boundaries-build.test.ts > Error Boundaries Build (Cross-Environment) > should fail to build with panicThreshold: "all_errors" when page has server errors
transforming...

stdout | test/examples/error-boundaries-build.test.ts > Error Boundaries Build (Cross-Environment) > should fail to build with panicThreshold: "all_errors" when page has server errors
✓ 7 modules transformed.

stdout | test/examples/error-boundaries-build.test.ts > Error Boundaries Build (Cross-Environment) > should fail to build with panicThreshold: "all_errors" when page has server errors
rendering chunks...

stdout | test/examples/error-boundaries-build.test.ts > Error Boundaries Build (Cross-Environment) > should fail to build with panicThreshold: "all_errors" when page has server errors
[manifests] Successfully updated shared state for server
Test Event: [32m'build.writeBundle.server'[39m

stdout | test/examples/error-boundaries-build.test.ts > Error Boundaries Build (Cross-Environment) > should fail to build with panicThreshold: "all_errors" when page has server errors
dist-error-boundaries-panic-all-errors-client/server/.vite/ssr-manifest.json                                          0.31 kB
dist-error-boundaries-panic-all-errors-client/server/.vite/manifest.json                                              1.26 kB
dist-error-boundaries-panic-all-errors-client/server/page/props.js                                                    0.09 kB
dist-error-boundaries-panic-all-errors-client/server/page/server-error-example/props.js                               0.15 kB
dist-error-boundaries-panic-all-errors-client/server/page/page.js                                                     0.28 kB
dist-error-boundaries-panic-all-errors-client/server/components/ErrorBoundary.client-19ifto1.js                       0.30 kB
dist-error-boundaries-panic-all-errors-client/server/page/client-error-example/ClientErrorComponent.client-69gvqa.js  0.35 kB
dist-error-boundaries-panic-all-errors-client/server/page/server-error-example/page.js                                0.60 kB

stdout | test/examples/error-boundaries-build.test.ts > Error Boundaries Build (Cross-Environment) > should fail to build with panicThreshold: "all_errors" when page has server errors
✓ built in 17ms

stdout | test/examples/error-boundaries-build.test.ts > Error Boundaries Build (Cross-Environment) > should fail to build with panicThreshold: "all_errors" when page has server errors
Test Event: [32m'build.ssg.start'[39m

stdout | test/examples/error-boundaries-build.test.ts > Error Boundaries Build (Cross-Environment) > should fail to build with panicThreshold: "all_errors" when page has server errors
Test Event: [32m'file.write'[39m
Test Event: [32m'file.write'[39m

stdout | test/examples/error-boundaries-build.test.ts > Error Boundaries Build (Cross-Environment) > should fail to build with panicThreshold: "all_errors" when page has server errors
Test Event: [32m'file.write.done'[39m
[2mdist-error-boundaries-panic-critical-errors-client/static[0m[36m/index.html[0m [1m320 B[0m [90m16ms[0m
[2mdist-error-boundaries-panic-all-errors-client/static[0m[36m/index.rsc[0m [1m2.2 kB[0m [90m5ms[0m

stdout | test/examples/error-boundaries-build.test.ts > Error Boundaries Build (Cross-Environment) > should fail to build with panicThreshold: "all_errors" when page has server errors
Test Event: [32m'file.write.done'[39m
[2mdist-error-boundaries-panic-all-errors-client/static[0m[36m/index.html[0m [1m320 B[0m [90m15ms[0m
[2mdist-error-boundaries-panic-all-errors-client/static[0m[36m/index.rsc[0m [1m2.2 kB[0m [90m5ms[0m

stdout | test/examples/error-boundaries-build.test.ts > Error Boundaries Build (Cross-Environment) > should fail to build with panicThreshold: "all_errors" when page has server errors
Test Event: [32m'file.write'[39m
Test Event: [32m'file.write'[39m

stdout | test/examples/error-boundaries-build.test.ts > Error Boundaries Build (Cross-Environment) > should fail to build with panicThreshold: "all_errors" when page has server errors
Test Event: [32m'route.error'[39m
Test error for route: /server-error-example

stdout | test/examples/error-boundaries-build.test.ts > Error Boundaries Build (Cross-Environment) > should fail to build with panicThreshold: "all_errors" when page has server errors
Test Event: [32m'file.write.done'[39m

stdout | test/examples/error-boundaries-build.test.ts > Error Boundaries Build (Cross-Environment) > should fail to build with panicThreshold: "all_errors" when page has server errors
Test Event: [32m'route.error'[39m
Test error for route: /server-error-example

 ❯ test/examples/error-boundaries-build.test.ts (3 tests | 3 failed) 15006ms
   × Error Boundaries Build (Cross-Environment) > should generate error boundary components in static output 5002ms
     → Test timed out in 5000ms.
If this is a long-running test, pass a timeout value as the last argument or configure it globally with "testTimeout".
   × Error Boundaries Build (Cross-Environment) > should not fail to build with panicThreshold: "critical_errors" when page has server errors 5001ms
     → Test timed out in 5000ms.
If this is a long-running test, pass a timeout value as the last argument or configure it globally with "testTimeout".
   × Error Boundaries Build (Cross-Environment) > should fail to build with panicThreshold: "all_errors" when page has server errors 5001ms
     → Test timed out in 5000ms.
If this is a long-running test, pass a timeout value as the last argument or configure it globally with "testTimeout".

 Test Files  1 failed (1)
      Tests  3 failed (3)
   Start at  15:24:39
   Duration  15.90s (transform 317ms, setup 31ms, collect 518ms, tests 15.01s, environment 0ms, prepare 51ms)

[?25h