[?25l
 RUN  v3.0.4 /home/nico/code/vite-plugin-react-server

stdout | test/examples/preserve-modules-root.test.ts > Preserve Modules Root (Cross-Environment)
[plugin.client] input options.projectRoot: /home/nico/code/vite-plugin-react-server/test/fixtures/shared/preserve-modules-root-test-project
[plugin.client] resolved userOptions.projectRoot: /home/nico/code/vite-plugin-react-server/test/fixtures/shared/preserve-modules-root-test-project

stdout | test/examples/preserve-modules-root.test.ts > Preserve Modules Root (Cross-Environment)
options changed, forcing re-resolve
options changed, forcing re-resolve
[DEBUG] createModuleID config: {
  preserveModulesRoot: true,
  isProd: true,
  isBuild: true,
  removeModuleBase: false,
  moduleBase: 'src'
}
[DEBUG] createModuleID config: {
  preserveModulesRoot: true,
  isProd: true,
  isBuild: true,
  removeModuleBase: false,
  moduleBase: 'src'
}

stdout | test/examples/preserve-modules-root.test.ts > Preserve Modules Root (Cross-Environment)
[resolveBuildPages] resolveBuildPages called with pages:1 and Root: undefined Html: undefined
[resolveBuildPages] resolveBuildPages - first time resolving pages

(node:595850) ExperimentalWarning: glob is an experimental feature and might change at any time
(Use `node --trace-warnings ...` to show where the warning was created)
stdout | test/examples/preserve-modules-root.test.ts > Preserve Modules Root (Cross-Environment)
[DEBUG] preserveModulesRoot config: {
  preserveModulesRoot: true,
  preserveModulesRootString: undefined,
  pluginOutput: { preserveModules: true, preserveModulesRoot: undefined }
}
client environment rollup inputs: {
  "index": "index.html",
  "src/components/Link.client": "src/components/Link.client.tsx",
  "src/page2/test.module": "src/page2/test.module.css",
  "src/page/test.module": "src/page/test.module.css"
}
client environment output preserveModulesRoot: {
  "preserveModules": true,
  "format": "esm",
  "exports": "named"
}
client userConfig.resolve: {
  "external": [
    "react",
    "react-dom",
    "react-server-dom-esm/client"
  ]
}
client userConfig.build.rollupOptions.external: [
  "fsevents"
]
[DEBUG] preserveModulesRoot config: {
  preserveModulesRoot: true,
  preserveModulesRootString: undefined,
  pluginOutput: { preserveModules: true, preserveModulesRoot: undefined }
}
ssr environment rollup inputs: {
  "src/components/Link.client": "src/components/Link.client.tsx",
  "src/page2/test.module": "src/page2/test.module.css",
  "src/page/test.module": "src/page/test.module.css"
}
ssr environment output preserveModulesRoot: {
  "preserveModules": true,
  "format": "esm",
  "exports": "named"
}
ssr userConfig.resolve: {
  "external": [
    "react",
    "react-dom",
    "react-server-dom-esm/client"
  ]
}
ssr userConfig.build.rollupOptions.external: [
  "fsevents"
]
[DEBUG] preserveModulesRoot config: {
  preserveModulesRoot: true,
  preserveModulesRootString: undefined,
  pluginOutput: { preserveModules: true, preserveModulesRoot: undefined }
}
server environment rollup inputs: {
  "src/components/Link.client": "src/components/Link.client.tsx",
  "src/page2/test.module": "src/page2/test.module.css",
  "src/page/test.module": "src/page/test.module.css",
  "src/page/page": "src/page/page.tsx",
  "src/page/props": "src/page/props.ts"
}
server environment output preserveModulesRoot: {
  "preserveModules": true,
  "format": "esm",
  "exports": "named"
}
server userConfig.resolve: {
  "externalConditions": [
    "react-server"
  ]
}
server userConfig.build.rollupOptions.external: [
  "react",
  "react/jsx-runtime",
  "react/jsx-dev-runtime",
  "react-dom",
  "react-server-dom-esm/server",
  "react-server-dom-esm/server.node"
]

stdout | test/examples/preserve-modules-root.test.ts > Preserve Modules Root (Cross-Environment)
[resolveBuildPages] resolveBuildPages called with pages:1 and Root: undefined Html: undefined

stdout | test/examples/preserve-modules-root.test.ts > Preserve Modules Root (Cross-Environment)
[react-static-client] Auto-discovery completed

stdout | test/examples/preserve-modules-root.test.ts > Preserve Modules Root (Cross-Environment)
options changed, forcing re-resolve
[DEBUG] createModuleID config: {
  preserveModulesRoot: true,
  isProd: true,
  isBuild: true,
  removeModuleBase: false,
  moduleBase: 'src'
}
[DEBUG] createModuleID config: {
  preserveModulesRoot: true,
  isProd: true,
  isBuild: true,
  removeModuleBase: false,
  moduleBase: 'src'
}

stdout | test/examples/preserve-modules-root.test.ts > Preserve Modules Root (Cross-Environment)
[resolveBuildPages] resolveBuildPages called with pages:1 and Root: undefined Html: undefined

stdout | test/examples/preserve-modules-root.test.ts > Preserve Modules Root (Cross-Environment)
client environment rollup inputs: {
  "index": "index.html",
  "src/components/Link.client": "src/components/Link.client.tsx",
  "src/page2/test.module": "src/page2/test.module.css",
  "src/page/test.module": "src/page/test.module.css"
}
client environment output preserveModulesRoot: {
  "preserveModules": true,
  "format": "esm",
  "exports": "named"
}
client userConfig.resolve: {
  "external": [
    "react",
    "react-dom",
    "react-server-dom-esm/client"
  ]
}
client userConfig.build.rollupOptions.external: [
  "fsevents"
]
ssr environment rollup inputs: {
  "src/components/Link.client": "src/components/Link.client.tsx",
  "src/page2/test.module": "src/page2/test.module.css",
  "src/page/test.module": "src/page/test.module.css"
}
ssr environment output preserveModulesRoot: {
  "preserveModules": true,
  "format": "esm",
  "exports": "named"
}
ssr userConfig.resolve: {
  "external": [
    "react",
    "react-dom",
    "react-server-dom-esm/client"
  ]
}
ssr userConfig.build.rollupOptions.external: [
  "fsevents"
]
server environment rollup inputs: {
  "src/components/Link.client": "src/components/Link.client.tsx",
  "src/page2/test.module": "src/page2/test.module.css",
  "src/page/test.module": "src/page/test.module.css",
  "src/page/page": "src/page/page.tsx",
  "src/page/props": "src/page/props.ts"
}
server environment output preserveModulesRoot: {
  "preserveModules": true,
  "format": "esm",
  "exports": "named"
}
server userConfig.resolve: {
  "externalConditions": [
    "react-server"
  ]
}
server userConfig.build.rollupOptions.external: [
  "react",
  "react/jsx-runtime",
  "react/jsx-dev-runtime",
  "react-dom",
  "react-server-dom-esm/server",
  "react-server-dom-esm/server.node"
]

stdout | test/examples/preserve-modules-root.test.ts > Preserve Modules Root (Cross-Environment)
options changed, forcing re-resolve
[DEBUG] createModuleID config: {
  preserveModulesRoot: true,
  isProd: true,
  isBuild: true,
  removeModuleBase: false,
  moduleBase: 'src'
}
[vite-plugin-react-server:transform-client-as-dynamic] configResolved: isBuild=true isSSR=false mode=test allowed=["client","ssr","server"] defaultEnv=client importServerPath=react-server-dom-esm/server.node
[resolveBuildPages] resolveBuildPages called with pages:1 and Root: undefined Html: undefined

stdout | test/examples/preserve-modules-root.test.ts > Preserve Modules Root (Cross-Environment)
[react-static-client] Auto-discovery completed

stdout | test/examples/preserve-modules-root.test.ts > Preserve Modules Root (Cross-Environment)
options changed, forcing re-resolve
[DEBUG] createModuleID config: {
  preserveModulesRoot: true,
  isProd: true,
  isBuild: true,
  removeModuleBase: false,
  moduleBase: 'src'
}
[DEBUG] createModuleID config: {
  preserveModulesRoot: true,
  isProd: true,
  isBuild: true,
  removeModuleBase: false,
  moduleBase: 'src'
}

stdout | test/examples/preserve-modules-root.test.ts > Preserve Modules Root (Cross-Environment)
[resolveBuildPages] resolveBuildPages called with pages:1 and Root: undefined Html: undefined

stdout | test/examples/preserve-modules-root.test.ts > Preserve Modules Root (Cross-Environment)
client environment rollup inputs: {
  "index": "index.html",
  "src/components/Link.client": "src/components/Link.client.tsx",
  "src/page2/test.module": "src/page2/test.module.css",
  "src/page/test.module": "src/page/test.module.css"
}
client environment output preserveModulesRoot: {
  "preserveModules": true,
  "format": "esm",
  "exports": "named"
}
client userConfig.resolve: {
  "external": [
    "react",
    "react-dom",
    "react-server-dom-esm/client"
  ]
}
client userConfig.build.rollupOptions.external: [
  "fsevents"
]
ssr environment rollup inputs: {
  "src/components/Link.client": "src/components/Link.client.tsx",
  "src/page2/test.module": "src/page2/test.module.css",
  "src/page/test.module": "src/page/test.module.css"
}
ssr environment output preserveModulesRoot: {
  "preserveModules": true,
  "format": "esm",
  "exports": "named"
}
ssr userConfig.resolve: {
  "external": [
    "react",
    "react-dom",
    "react-server-dom-esm/client"
  ]
}
ssr userConfig.build.rollupOptions.external: [
  "fsevents"
]
server environment rollup inputs: {
  "src/components/Link.client": "src/components/Link.client.tsx",
  "src/page2/test.module": "src/page2/test.module.css",
  "src/page/test.module": "src/page/test.module.css",
  "src/page/page": "src/page/page.tsx",
  "src/page/props": "src/page/props.ts"
}
server environment output preserveModulesRoot: {
  "preserveModules": true,
  "format": "esm",
  "exports": "named"
}
server userConfig.resolve: {
  "externalConditions": [
    "react-server"
  ]
}
server userConfig.build.rollupOptions.external: [
  "react",
  "react/jsx-runtime",
  "react/jsx-dev-runtime",
  "react-dom",
  "react-server-dom-esm/server",
  "react-server-dom-esm/server.node"
]

stdout | test/examples/preserve-modules-root.test.ts > Preserve Modules Root (Cross-Environment)
options changed, forcing re-resolve
[DEBUG] createModuleID config: {
  preserveModulesRoot: true,
  isProd: true,
  isBuild: true,
  removeModuleBase: false,
  moduleBase: 'src'
}
[vite-plugin-react-server:transform-client-as-dynamic] configResolved: isBuild=true isSSR=true mode=test allowed=["client","ssr","server"] defaultEnv=client importServerPath=react-server-dom-esm/server.node
[resolveBuildPages] resolveBuildPages called with pages:1 and Root: undefined Html: undefined

stdout | test/examples/preserve-modules-root.test.ts > Preserve Modules Root (Cross-Environment)
[react-static-client] Auto-discovery completed

stdout | test/examples/preserve-modules-root.test.ts > Preserve Modules Root (Cross-Environment)
options changed, forcing re-resolve
[DEBUG] createModuleID config: {
  preserveModulesRoot: true,
  isProd: true,
  isBuild: true,
  removeModuleBase: false,
  moduleBase: 'src'
}
[DEBUG] createModuleID config: {
  preserveModulesRoot: true,
  isProd: true,
  isBuild: true,
  removeModuleBase: false,
  moduleBase: 'src'
}

stdout | test/examples/preserve-modules-root.test.ts > Preserve Modules Root (Cross-Environment)
[resolveBuildPages] resolveBuildPages called with pages:1 and Root: undefined Html: undefined

stdout | test/examples/preserve-modules-root.test.ts > Preserve Modules Root (Cross-Environment)
client environment rollup inputs: {
  "index": "index.html",
  "src/components/Link.client": "src/components/Link.client.tsx",
  "src/page2/test.module": "src/page2/test.module.css",
  "src/page/test.module": "src/page/test.module.css"
}
client environment output preserveModulesRoot: {
  "preserveModules": true,
  "format": "esm",
  "exports": "named"
}
client userConfig.resolve: {
  "external": [
    "react",
    "react-dom",
    "react-server-dom-esm/client"
  ]
}
client userConfig.build.rollupOptions.external: [
  "fsevents"
]
ssr environment rollup inputs: {
  "src/components/Link.client": "src/components/Link.client.tsx",
  "src/page2/test.module": "src/page2/test.module.css",
  "src/page/test.module": "src/page/test.module.css"
}
ssr environment output preserveModulesRoot: {
  "preserveModules": true,
  "format": "esm",
  "exports": "named"
}
ssr userConfig.resolve: {
  "external": [
    "react",
    "react-dom",
    "react-server-dom-esm/client"
  ]
}
ssr userConfig.build.rollupOptions.external: [
  "fsevents"
]
server environment rollup inputs: {
  "src/components/Link.client": "src/components/Link.client.tsx",
  "src/page2/test.module": "src/page2/test.module.css",
  "src/page/test.module": "src/page/test.module.css",
  "src/page/page": "src/page/page.tsx",
  "src/page/props": "src/page/props.ts"
}
server environment output preserveModulesRoot: {
  "preserveModules": true,
  "format": "esm",
  "exports": "named"
}
server userConfig.resolve: {
  "externalConditions": [
    "react-server"
  ]
}
server userConfig.build.rollupOptions.external: [
  "react",
  "react/jsx-runtime",
  "react/jsx-dev-runtime",
  "react-dom",
  "react-server-dom-esm/server",
  "react-server-dom-esm/server.node"
]

stdout | test/examples/preserve-modules-root.test.ts > Preserve Modules Root (Cross-Environment)
options changed, forcing re-resolve
[DEBUG] createModuleID config: {
  preserveModulesRoot: true,
  isProd: true,
  isBuild: true,
  removeModuleBase: false,
  moduleBase: 'src'
}
[vite-plugin-react-server:transform-client-as-dynamic] configResolved: isBuild=true isSSR=true mode=test allowed=["client","ssr","server"] defaultEnv=client importServerPath=react-server-dom-esm/server.node
[resolveBuildPages] resolveBuildPages called with pages:1 and Root: undefined Html: undefined

stdout | test/examples/preserve-modules-root.test.ts > Preserve Modules Root (Cross-Environment)
[react-static-client] Auto-discovery completed

stdout | test/examples/preserve-modules-root.test.ts > Preserve Modules Root (Cross-Environment)
vite v6.3.5 building for test...

stderr | test/examples/preserve-modules-root.test.ts > Preserve Modules Root (Cross-Environment)
Unknown input options: preserveModules. Allowed options: cache, context, experimentalCacheExpiry, experimentalLogSideEffects, external, input, jsx, logLevel, makeAbsoluteExternalsRelative, maxParallelFileOps, moduleContext, onLog, onwarn, perf, plugins, preserveEntrySignatures, preserveSymlinks, shimMissingExports, strictDeprecations, treeshake, watch

stdout | test/examples/preserve-modules-root.test.ts > Preserve Modules Root (Cross-Environment)
transforming...

stdout | test/examples/preserve-modules-root.test.ts > Preserve Modules Root (Cross-Environment)
[react-dynamic-transform] ModuleID transformation: src/client.tsx -> src/client.tsx
[createTransformer] moduleID function called: src/client.tsx -> src/client.tsx
[createTransformer:client] Loading: src/client.tsx
[createTransformer:client] Transforming client component without directives: src/client.tsx
[DEBUG] moduleID input: {
  id: 'src/components/Link.client.tsx',
  preserveModulesRoot: true,
  removeModuleBase: false
}
[react-dynamic-transform] ModuleID transformation: src/components/Link.client.tsx -> src/components/Link.client-wj6rwp.js
[createTransformer] moduleID function called: src/components/Link.client.tsx -> src/components/Link.client-wj6rwp.js
[createTransformer:client] Loading: src/components/Link.client.tsx

stdout | test/examples/preserve-modules-root.test.ts > Preserve Modules Root (Cross-Environment)
[analyzeDirectives] Processing node: ImportDeclaration start: 0 end: 26
directive: none
beforeNode: none
[analyzeDirectives] Found non-directive node before first directive: ImportDeclaration, setting foundNonDirective=true
[analyzeDirectives] Processing node: ImportDeclaration start: 27 end: 73
directive: none
beforeNode: "import React from \"react\";\n"
[analyzeDirectives] Found non-directive node before first directive: ImportDeclaration, setting foundNonDirective=true
[analyzeDirectives] Found content before first directive: "import React from \"react\";", setting foundNonDirective=true
[analyzeDirectives] Processing node: VariableDeclaration start: 74 end: 131
directive: none
beforeNode: "import React from \"react\";\nimport { createRoot } from \"react-dom/client\";\n"
[analyzeDirectives] Found non-directive node before first directive: VariableDeclaration, setting foundNonDirective=true
[analyzeDirectives] Found content before first directive: "import React from \"react\";\nimport { createRoot } from \"react-dom/client\";", setting foundNonDirective=true
[analyzeDirectives] Processing node: ExpressionStatement start: 132 end: 208
directive: none
beforeNode: "import React from \"react\";\nimport { createRoot } from \"react-dom/client\";\nconst root = create
[analyzeDirectives] Found non-directive expression before first directive, setting foundNonDirective=true
[analyzeDirectives] Found content before first directive: "import React from \"react\";\nimport { createRoot } from \"react-dom/client\";\nconst root = createRoot(do", setting foundNonDirective=true

stdout | test/examples/preserve-modules-root.test.ts > Preserve Modules Root (Cross-Environment)
[analyzeModule] exports:
Name: Link Type: function Range: Link

[analyzeDirectives] Processing node: ExpressionStatement start: 0 end: 13
directive: use client
beforeNode: none
[analyzeDirectives] Found first directive: use client at range: 0,13
[analyzeDirectives] Processing node: ImportDeclaration start: 14 end: 40
directive: none
beforeNode: "\"use client\";\n"
[analyzeDirectives] Processing node: ExportNamedDeclaration start: 41 end: 158
directive: none
beforeNode: "\"use client\";\nimport React from \"react\";\n"
[createTransformer:client] Transformed result for src/client.tsx: import React from "react";
import { createRoot } from "react-dom/client";
const root = createRoot(do

stdout | test/examples/preserve-modules-root.test.ts > Preserve Modules Root (Cross-Environment)
[react-dynamic-transform] Link.client.tsx (client) (directives processed)
[react-dynamic-transform] 
import React from "react";
export function Link({ to, children }) {
  return /* @__PURE__ */ React....

stdout | test/examples/preserve-modules-root.test.ts > Preserve Modules Root (Cross-Environment)
[react-dynamic-transform] ModuleID transformation: home/nico/code/vite-plugin-react-server/node_modules/react/cjs/react.development.js -> home/nico/code/vite-plugin-react-server/node_modules/react/cjs/react.development.js
[createTransformer] moduleID function called: home/nico/code/vite-plugin-react-server/node_modules/react/cjs/react.development.js -> home/nico/code/vite-plugin-react-server/node_modules/react/cjs/react.development.js

stdout | test/examples/preserve-modules-root.test.ts > Preserve Modules Root (Cross-Environment)
[react-dynamic-transform] ModuleID transformation: home/nico/code/vite-plugin-react-server/node_modules/react/index.js -> home/nico/code/vite-plugin-react-server/node_modules/react/index.js
[createTransformer] moduleID function called: home/nico/code/vite-plugin-react-server/node_modules/react/index.js -> home/nico/code/vite-plugin-react-server/node_modules/react/index.js

stdout | test/examples/preserve-modules-root.test.ts > Preserve Modules Root (Cross-Environment)
[react-dynamic-transform] ModuleID transformation: home/nico/code/vite-plugin-react-server/node_modules/scheduler/cjs/scheduler.development.js -> home/nico/code/vite-plugin-react-server/node_modules/scheduler/cjs/scheduler.development.js
[createTransformer] moduleID function called: home/nico/code/vite-plugin-react-server/node_modules/scheduler/cjs/scheduler.development.js -> home/nico/code/vite-plugin-react-server/node_modules/scheduler/cjs/scheduler.development.js

stdout | test/examples/preserve-modules-root.test.ts > Preserve Modules Root (Cross-Environment)
[react-dynamic-transform] ModuleID transformation: home/nico/code/vite-plugin-react-server/node_modules/react-dom/cjs/react-dom.development.js -> home/nico/code/vite-plugin-react-server/node_modules/react-dom/cjs/react-dom.development.js
[createTransformer] moduleID function called: home/nico/code/vite-plugin-react-server/node_modules/react-dom/cjs/react-dom.development.js -> home/nico/code/vite-plugin-react-server/node_modules/react-dom/cjs/react-dom.development.js

stdout | test/examples/preserve-modules-root.test.ts > Preserve Modules Root (Cross-Environment)
[react-dynamic-transform] ModuleID transformation: home/nico/code/vite-plugin-react-server/node_modules/scheduler/index.js -> home/nico/code/vite-plugin-react-server/node_modules/scheduler/index.js
[createTransformer] moduleID function called: home/nico/code/vite-plugin-react-server/node_modules/scheduler/index.js -> home/nico/code/vite-plugin-react-server/node_modules/scheduler/index.js

stdout | test/examples/preserve-modules-root.test.ts > Preserve Modules Root (Cross-Environment)
[react-dynamic-transform] ModuleID transformation: home/nico/code/vite-plugin-react-server/node_modules/react-dom/index.js -> home/nico/code/vite-plugin-react-server/node_modules/react-dom/index.js
[createTransformer] moduleID function called: home/nico/code/vite-plugin-react-server/node_modules/react-dom/index.js -> home/nico/code/vite-plugin-react-server/node_modules/react-dom/index.js

stdout | test/examples/preserve-modules-root.test.ts > Preserve Modules Root (Cross-Environment)
[react-dynamic-transform] ModuleID transformation: home/nico/code/vite-plugin-react-server/node_modules/react-dom/cjs/react-dom-client.development.js -> home/nico/code/vite-plugin-react-server/node_modules/react-dom/cjs/react-dom-client.development.js
[createTransformer] moduleID function called: home/nico/code/vite-plugin-react-server/node_modules/react-dom/cjs/react-dom-client.development.js -> home/nico/code/vite-plugin-react-server/node_modules/react-dom/cjs/react-dom-client.development.js
[createTransformer:client] Loading: home/nico/code/vite-plugin-react-server/node_modules/react-dom/cjs/react-dom-client.development.js

stdout | test/examples/preserve-modules-root.test.ts > Preserve Modules Root (Cross-Environment)
[analyzeModule] exports:
Name: __require Type: function Range: requireReactDomClient_development

[analyzeDirectives] Processing node: ImportDeclaration start: 0 end: 55
directive: none
beforeNode: none
[analyzeDirectives] Found non-directive node before first directive: ImportDeclaration, setting foundNonDirective=true
[analyzeDirectives] Processing node: ImportDeclaration start: 56 end: 237
directive: none
beforeNode: "import * as commonjsHelpers from \"\u0000commonjsHelpers.js\";\n"
[analyzeDirectives] Found non-directive node before first directive: ImportDeclaration, setting foundNonDirective=true
[analyzeDirectives] Found content before first directive: "import * as commonjsHelpers from \"\u0000commonjsHelpers.js\";", setting foundNonDirective=true
[analyzeDirectives] Processing node: ImportDeclaration start: 238 end: 376
directive: none
beforeNode: "import * as commonjsHelpers from \"\u0000commonjsHelpers.js\";\nimport { __exports as reactDomClien
[analyzeDirectives] Found non-directive node before first directive: ImportDeclaration, setting foundNonDirective=true
[analyzeDirectives] Found content before first directive: "import * as commonjsHelpers from \"\u0000commonjsHelpers.js\";\nimport { __exports as reactDomClient_develop", setting foundNonDirective=true
[analyzeDirectives] Processing node: ImportDeclaration start: 377 end: 511
directive: none
beforeNode: "import * as commonjsHelpers from \"\u0000commonjsHelpers.js\";\nimport { __exports as reactDomClien
[analyzeDirectives] Found non-directive node before first directive: ImportDeclaration, setting foundNonDirective=true
[analyzeDirectives] Found content before first directive: "import * as commonjsHelpers from \"\u0000commonjsHelpers.js\";\nimport { __exports as reactDomClient_develop", setting foundNonDirective=true
[analyzeDirectives] Processing node: ImportDeclaration start: 512 end: 650
directive: none
beforeNode: "import * as commonjsHelpers from \"\u0000commonjsHelpers.js\";\nimport { __exports as reactDomClien
[analyzeDirectives] Found non-directive node before first directive: ImportDeclaration, setting foundNonDirective=true
[analyzeDirectives] Found content before first directive: "import * as commonjsHelpers from \"\u0000commonjsHelpers.js\";\nimport { __exports as reactDomClient_develop", setting foundNonDirective=true
[analyzeDirectives] Processing node: VariableDeclaration start: 652 end: 694
directive: none
beforeNode: "import * as commonjsHelpers from \"\u0000commonjsHelpers.js\";\nimport { __exports as reactDomClien
[analyzeDirectives] Found non-directive node before first directive: VariableDeclaration, setting foundNonDirective=true
[analyzeDirectives] Found content before first directive: "import * as commonjsHelpers from \"\u0000commonjsHelpers.js\";\nimport { __exports as reactDomClient_develop", setting foundNonDirective=true
[analyzeDirectives] Processing node: FunctionDeclaration start: 696 end: 1025413
directive: none
beforeNode: "import * as commonjsHelpers from \"\u0000commonjsHelpers.js\";\nimport { __exports as reactDomClien
[analyzeDirectives] Found non-directive node before first directive: FunctionDeclaration, setting foundNonDirective=true
[analyzeDirectives] Found content before first directive: "import * as commonjsHelpers from \"\u0000commonjsHelpers.js\";\nimport { __exports as reactDomClient_develop", setting foundNonDirective=true
[analyzeDirectives] Processing node: ExportNamedDeclaration start: 1025415 end: 1025473
directive: none
beforeNode: "import * as commonjsHelpers from \"\u0000commonjsHelpers.js\";\nimport { __exports as reactDomClien
[analyzeDirectives] Found non-directive node before first directive: ExportNamedDeclaration, setting foundNonDirective=true
[analyzeDirectives] Found content before first directive: "import * as commonjsHelpers from \"\u0000commonjsHelpers.js\";\nimport { __exports as reactDomClient_develop", setting foundNonDirective=true

stdout | test/examples/preserve-modules-root.test.ts > Preserve Modules Root (Cross-Environment)
[react-dynamic-transform] react-dom-client.development.js (directives already processed)

stdout | test/examples/preserve-modules-root.test.ts > Preserve Modules Root (Cross-Environment)
[react-dynamic-transform] ModuleID transformation: home/nico/code/vite-plugin-react-server/node_modules/react-dom/client.js -> home/nico/code/vite-plugin-react-server/node_modules/react-dom/client.js
[createTransformer] moduleID function called: home/nico/code/vite-plugin-react-server/node_modules/react-dom/client.js -> home/nico/code/vite-plugin-react-server/node_modules/react-dom/client.js
[createTransformer:client] Loading: home/nico/code/vite-plugin-react-server/node_modules/react-dom/client.js
[createTransformer:client] Transforming client component without directives: home/nico/code/vite-plugin-react-server/node_modules/react-dom/client.js

stdout | test/examples/preserve-modules-root.test.ts > Preserve Modules Root (Cross-Environment)
[analyzeModule] exports:
Name: __require Type: function Range: requireClient

[analyzeDirectives] Processing node: ImportDeclaration start: 0 end: 55
directive: none
beforeNode: none
[analyzeDirectives] Found non-directive node before first directive: ImportDeclaration, setting foundNonDirective=true
[analyzeDirectives] Processing node: ImportDeclaration start: 56 end: 195
directive: none
beforeNode: "import * as commonjsHelpers from \"\u0000commonjsHelpers.js\";\n"
[analyzeDirectives] Found non-directive node before first directive: ImportDeclaration, setting foundNonDirective=true
[analyzeDirectives] Found content before first directive: "import * as commonjsHelpers from \"\u0000commonjsHelpers.js\";", setting foundNonDirective=true
[analyzeDirectives] Processing node: VariableDeclaration start: 196 end: 230
directive: none
beforeNode: "import * as commonjsHelpers from \"\u0000commonjsHelpers.js\";\nimport { __module as clientModule }
[analyzeDirectives] Found non-directive node before first directive: VariableDeclaration, setting foundNonDirective=true
[analyzeDirectives] Found content before first directive: "import * as commonjsHelpers from \"\u0000commonjsHelpers.js\";\nimport { __module as clientModule } from \"\\u", setting foundNonDirective=true
[analyzeDirectives] Processing node: ImportDeclaration start: 231 end: 396
directive: none
beforeNode: "import * as commonjsHelpers from \"\u0000commonjsHelpers.js\";\nimport { __module as clientModule }
[analyzeDirectives] Found non-directive node before first directive: ImportDeclaration, setting foundNonDirective=true
[analyzeDirectives] Found content before first directive: "import * as commonjsHelpers from \"\u0000commonjsHelpers.js\";\nimport { __module as clientModule } from \"\\u", setting foundNonDirective=true
[analyzeDirectives] Processing node: VariableDeclaration start: 398 end: 420
directive: none
beforeNode: "import * as commonjsHelpers from \"\u0000commonjsHelpers.js\";\nimport { __module as clientModule }
[analyzeDirectives] Found non-directive node before first directive: VariableDeclaration, setting foundNonDirective=true
[analyzeDirectives] Found content before first directive: "import * as commonjsHelpers from \"\u0000commonjsHelpers.js\";\nimport { __module as clientModule } from \"\\u", setting foundNonDirective=true
[analyzeDirectives] Processing node: FunctionDeclaration start: 422 end: 1060
directive: none
beforeNode: "import * as commonjsHelpers from \"\u0000commonjsHelpers.js\";\nimport { __module as clientModule }
[analyzeDirectives] Found non-directive node before first directive: FunctionDeclaration, setting foundNonDirective=true
[analyzeDirectives] Found content before first directive: "import * as commonjsHelpers from \"\u0000commonjsHelpers.js\";\nimport { __module as clientModule } from \"\\u", setting foundNonDirective=true
[analyzeDirectives] Processing node: ExportNamedDeclaration start: 1062 end: 1100
directive: none
beforeNode: "import * as commonjsHelpers from \"\u0000commonjsHelpers.js\";\nimport { __module as clientModule }
[analyzeDirectives] Found non-directive node before first directive: ExportNamedDeclaration, setting foundNonDirective=true
[analyzeDirectives] Found content before first directive: "import * as commonjsHelpers from \"\u0000commonjsHelpers.js\";\nimport { __module as clientModule } from \"\\u", setting foundNonDirective=true

stdout | test/examples/preserve-modules-root.test.ts > Preserve Modules Root (Cross-Environment)
[createTransformer:client] Transformed result for home/nico/code/vite-plugin-react-server/node_modules/react-dom/client.js: import * as commonjsHelpers from " commonjsHelpers.js";
import { __module as clientModule } from "\u

stdout | test/examples/preserve-modules-root.test.ts > Preserve Modules Root (Cross-Environment)
✓ 24 modules transformed.

stdout | test/examples/preserve-modules-root.test.ts > Preserve Modules Root (Cross-Environment)
rendering chunks...

stdout | test/examples/preserve-modules-root.test.ts > Preserve Modules Root (Cross-Environment)
Test Event: [32m'build.writeBundle.client'[39m
computing gzip size...

stdout | test/examples/preserve-modules-root.test.ts > Preserve Modules Root (Cross-Environment)
dist/static/index.html                                                                               2.31 kB │ gzip:   0.47 kB
dist/static/.vite/ssr-manifest.json                                                                  2.99 kB │ gzip:   0.55 kB
dist/static/.vite/manifest.json                                                                      8.37 kB │ gzip:   0.94 kB
dist/static/assets/src/page/test-CcEzue0F.css                                                        0.09 kB │ gzip:   0.10 kB
dist/static/assets/src/page2/test-DMVO0Ftg.css                                                       0.09 kB │ gzip:   0.10 kB
dist/static/assets/_virtual/react-dom-client.development-LDixhT4u.js                                 0.03 kB │ gzip:   0.05 kB
dist/static/assets/_virtual/scheduler.development-LDixhT4u.js                                        0.03 kB │ gzip:   0.05 kB
dist/static/assets/_virtual/react-dom.development-LDixhT4u.js                                        0.03 kB │ gzip:   0.05 kB
dist/static/assets/_virtual/index-CanrLTR5.js                                                        0.04 kB │ gzip:   0.06 kB
dist/static/assets/_virtual/react.development-CanrLTR5.js                                            0.04 kB │ gzip:   0.06 kB
dist/static/assets/_virtual/client-CanrLTR5.js                                                       0.04 kB │ gzip:   0.06 kB
dist/static/assets/_virtual/index-DaN7OhK2.js                                                        0.04 kB │ gzip:   0.06 kB
dist/static/assets/_virtual/index-KfpiqqFE.js                                                        0.04 kB │ gzip:   0.06 kB
dist/static/assets/_virtual/client-CaGRt0mB.js                                                       0.10 kB │ gzip:   0.11 kB
dist/static/assets/src/components/Link.client-BnoPFPz1.js                                            0.14 kB │ gzip:   0.14 kB
dist/static/assets/_virtual/_commonjsHelpers-Dd0bWGM8.js                                             0.14 kB │ gzip:   0.14 kB
dist/static/assets/src/page2/test.module-D2zr66RR.js                                                 0.15 kB │ gzip:   0.12 kB
dist/static/assets/src/page/test.module-DptgXFme.js                                                  0.15 kB │ gzip:   0.12 kB
dist/static/assets/_virtual/index-C-K9A471.js                                                        0.19 kB │ gzip:   0.17 kB
dist/static/assets/node_modules/react/index-BUXVTD9R.js                                              0.22 kB │ gzip:   0.18 kB
dist/static/assets/node_modules/scheduler/index-DUSo5-iO.js                                          0.22 kB │ gzip:   0.18 kB
dist/static/assets/node_modules/react-dom/index-BCMOEXSQ.js                                          0.22 kB │ gzip:   0.18 kB
dist/static/assets/test/fixtures/shared/preserve-modules-root-test-project/src/client-BeaJaFDl.js    0.23 kB │ gzip:   0.18 kB
dist/static/assets/node_modules/react-dom/client-C-lqNNIO.js                                         0.23 kB │ gzip:   0.18 kB
dist/static/assets/node_modules/scheduler/cjs/scheduler.development-BMMPnCxh.js                      4.23 kB │ gzip:   1.80 kB
dist/static/assets/node_modules/react-dom/cjs/react-dom.development-CwVO9KAH.js                      9.64 kB │ gzip:   3.11 kB
dist/static/assets/node_modules/react/cjs/react.development-DFOaAjdI.js                             21.36 kB │ gzip:   7.70 kB
dist/static/assets/node_modules/react-dom/cjs/react-dom-client.development-BALQOiMX.js             382.08 kB │ gzip: 114.65 kB

stdout | test/examples/preserve-modules-root.test.ts > Preserve Modules Root (Cross-Environment)
✓ built in 1.02s

stdout | test/examples/preserve-modules-root.test.ts > Preserve Modules Root (Cross-Environment)
vite v6.3.5 building SSR bundle for test...

stderr | test/examples/preserve-modules-root.test.ts > Preserve Modules Root (Cross-Environment)
Unknown input options: preserveModules. Allowed options: cache, context, experimentalCacheExpiry, experimentalLogSideEffects, external, input, jsx, logLevel, makeAbsoluteExternalsRelative, maxParallelFileOps, moduleContext, onLog, onwarn, perf, plugins, preserveEntrySignatures, preserveSymlinks, shimMissingExports, strictDeprecations, treeshake, watch

stdout | test/examples/preserve-modules-root.test.ts > Preserve Modules Root (Cross-Environment)
transforming...

stdout | test/examples/preserve-modules-root.test.ts > Preserve Modules Root (Cross-Environment)
[DEBUG] moduleID input: {
  id: 'src/components/Link.client.tsx',
  preserveModulesRoot: true,
  removeModuleBase: false
}
[react-dynamic-transform] ModuleID transformation: src/components/Link.client.tsx -> src/components/Link.client-wj6rwp.js
[createTransformer] moduleID function called: src/components/Link.client.tsx -> src/components/Link.client-wj6rwp.js
[createTransformer:client] Loading: src/components/Link.client.tsx

stdout | test/examples/preserve-modules-root.test.ts > Preserve Modules Root (Cross-Environment)
[analyzeModule] exports:
Name: Link Type: function Range: Link

[analyzeDirectives] Processing node: ExpressionStatement start: 0 end: 13
directive: use client
beforeNode: none
[analyzeDirectives] Found first directive: use client at range: 0,13
[analyzeDirectives] Processing node: ImportDeclaration start: 14 end: 40
directive: none
beforeNode: "\"use client\";\n"
[analyzeDirectives] Processing node: ExportNamedDeclaration start: 41 end: 158
directive: none
beforeNode: "\"use client\";\nimport React from \"react\";\n"

stdout | test/examples/preserve-modules-root.test.ts > Preserve Modules Root (Cross-Environment)
[react-dynamic-transform] Link.client.tsx (client) (directives processed)
[react-dynamic-transform] 
import React from "react";
export function Link({ to, children }) {
  return /* @__PURE__ */ React....

stdout | test/examples/preserve-modules-root.test.ts > Preserve Modules Root (Cross-Environment)
✓ 3 modules transformed.

stdout | test/examples/preserve-modules-root.test.ts > Preserve Modules Root (Cross-Environment)
rendering chunks...

stdout | test/examples/preserve-modules-root.test.ts > Preserve Modules Root (Cross-Environment)
Test Event: [32m'build.writeBundle.static'[39m

stdout | test/examples/preserve-modules-root.test.ts > Preserve Modules Root (Cross-Environment)
dist/client/.vite/ssr-manifest.json             0.11 kB
dist/client/.vite/manifest.json                 0.67 kB
dist/client/assets/src/page/test-CcEzue0F.css   0.09 kB
dist/client/assets/src/page2/test-DMVO0Ftg.css  0.09 kB
dist/client/src/components/Link.client.js       0.16 kB
dist/client/src/page2/test.module.js            0.22 kB
dist/client/src/page/test.module.js             0.22 kB

stdout | test/examples/preserve-modules-root.test.ts > Preserve Modules Root (Cross-Environment)
✓ built in 15ms

stdout | test/examples/preserve-modules-root.test.ts > Preserve Modules Root (Cross-Environment)
vite v6.3.5 building SSR bundle for test...

stderr | test/examples/preserve-modules-root.test.ts > Preserve Modules Root (Cross-Environment)
Unknown input options: preserveModules. Allowed options: cache, context, experimentalCacheExpiry, experimentalLogSideEffects, external, input, jsx, logLevel, makeAbsoluteExternalsRelative, maxParallelFileOps, moduleContext, onLog, onwarn, perf, plugins, preserveEntrySignatures, preserveSymlinks, shimMissingExports, strictDeprecations, treeshake, watch

stderr | test/examples/preserve-modules-root.test.ts > Preserve Modules Root (Cross-Environment)
[plugin react-server-conditions] NODE_OPTIONS may be wrong for server

stdout | test/examples/preserve-modules-root.test.ts > Preserve Modules Root (Cross-Environment)
[react-static-client] Build started
Test Event: [32m'build.start'[39m

stdout | test/examples/preserve-modules-root.test.ts > Preserve Modules Root (Cross-Environment)
transforming...

stdout | test/examples/preserve-modules-root.test.ts > Preserve Modules Root (Cross-Environment)
[react-dynamic-transform] ModuleID transformation: src/page/page.tsx -> src/page/page.tsx
[createTransformer] moduleID function called: src/page/page.tsx -> src/page/page.tsx

stdout | test/examples/preserve-modules-root.test.ts > Preserve Modules Root (Cross-Environment)
[react-dynamic-transform] ModuleID transformation: src/page/props.ts -> src/page/props.ts
[createTransformer] moduleID function called: src/page/props.ts -> src/page/props.ts

stdout | test/examples/preserve-modules-root.test.ts > Preserve Modules Root (Cross-Environment)
[DEBUG] moduleID input: {
  id: 'src/components/Link.client.tsx',
  preserveModulesRoot: true,
  removeModuleBase: false
}
[react-dynamic-transform] ModuleID transformation: src/components/Link.client.tsx -> src/components/Link.client-wj6rwp.js
[createTransformer] moduleID function called: src/components/Link.client.tsx -> src/components/Link.client-wj6rwp.js
[createTransformer:server] Loading: src/components/Link.client.tsx

stdout | test/examples/preserve-modules-root.test.ts > Preserve Modules Root (Cross-Environment)
[analyzeModule] exports:
Name: Link Type: function Range: Link

[analyzeDirectives] Processing node: ExpressionStatement start: 0 end: 13
directive: use client
beforeNode: none
[analyzeDirectives] Found first directive: use client at range: 0,13
[analyzeDirectives] Processing node: ImportDeclaration start: 14 end: 40
directive: none
beforeNode: "\"use client\";\n"
[analyzeDirectives] Processing node: ExportNamedDeclaration start: 41 end: 158
directive: none
beforeNode: "\"use client\";\nimport React from \"react\";\n"

stdout | test/examples/preserve-modules-root.test.ts > Preserve Modules Root (Cross-Environment)
[react-dynamic-transform] Link.client.tsx (client) (directives processed)
[react-dynamic-transform] import { registerClientReference } from "react-server-dom-esm/server.node";
export const Link = regi...

stdout | test/examples/preserve-modules-root.test.ts > Preserve Modules Root (Cross-Environment)
✓ 5 modules transformed.

stdout | test/examples/preserve-modules-root.test.ts > Preserve Modules Root (Cross-Environment)
[react-static-client] Render started

stdout | test/examples/preserve-modules-root.test.ts > Preserve Modules Root (Cross-Environment)
rendering chunks...

stdout | test/examples/preserve-modules-root.test.ts > Preserve Modules Root (Cross-Environment)
[manifests] Successfully updated shared state for server
Test Event: [32m'build.writeBundle.server'[39m

stdout | test/examples/preserve-modules-root.test.ts > Preserve Modules Root (Cross-Environment)
dist/server/.vite/ssr-manifest.json        0.17 kB
dist/server/.vite/manifest.json            1.05 kB
dist/server/src/page/props.js              0.07 kB
dist/server/src/page/test.module.js        0.21 kB
dist/server/src/page2/test.module.js       0.22 kB
dist/server/src/components/Link.client.js  0.26 kB
dist/server/src/page/page.js               0.48 kB

stdout | test/examples/preserve-modules-root.test.ts > Preserve Modules Root (Cross-Environment)
✓ built in 17ms

stdout | test/examples/preserve-modules-root.test.ts > Preserve Modules Root (Cross-Environment)
[plugin.server] Processing route: /, page: src/page/page.tsx, props: src/page/props.ts
[plugin.server] transformedServerManifest keys: src/components/Link.client.tsx, src/page2/test.module.css, src/page/test.module.css, src/page/page.tsx, src/page/props.ts, .vite/manifest.json, .vite/ssr-manifest.json
[plugin.server] Looking for CSS starting from: src/page/page.tsx and src/page/props.ts
[plugin.server] Page entry: {
  "file": "src/page/page.js",
  "name": "src/page/page",
  "src": "src/page/page.tsx",
  "isEntry": true,
  "imports": [
    "react",
    "src/page/test.module.js",
    "src/components/Link.client.js"
  ]
}
[plugin.server] Props entry: {
  "file": "src/page/props.js",
  "name": "src/page/props",
  "src": "src/page/props.ts",
  "isEntry": true
}
[plugin.server] Found CSS entry: src/page2/test.module.css -> ["assets/src/page2/test-DMVO0Ftg.css"]
[plugin.server] Found CSS entry: src/page/test.module.css -> ["assets/src/page/test-CcEzue0F.css"]
[plugin.server] CSS inputs for /: 1 files
[plugin.server] CSS input: assets/src/page/test-CcEzue0F.css -> assets/src/page/test-CcEzue0F.css
[unified-css] Loading CSS content for assets/src/page/test-CcEzue0F.css
[unified-css] Got CSS from static build file: /home/nico/code/vite-plugin-react-server/test/fixtures/shared/preserve-modules-root-test-project/dist/client/assets/src/page/test-CcEzue0F.css
[unified-css] CSS content for assets/src/page/test-CcEzue0F.css: string, length: 89, preview: ._test_x2k9h_1{color:red}._shared_x2k9h_2{background:#fff}._unused_x2k9h_3{display:none}

[unified-css] Added CSS file assets/src/page/test-CcEzue0F.css to map
[react-static-client] Route /: 1 CSS files
[react-static-client]   CSS file: assets/src/page/test-CcEzue0F.css -> link (link)
[react-static-client] Creating RSC worker with path: /home/nico/code/vite-plugin-react-server/dist/plugin/worker/rsc/rsc-worker.development.js
[create:worker/rsc] workerData.userOptions.build:
{"pages":["/"],"client":"client","server":"server","static":"static","api":"api","outDir":"dist","assetsDir":"assets","hash":"hash","preserveModulesRoot":true,"rscOutputPath":"index.rsc","htmlOutputPath":"index.html","extensionMap":{".css":".css",".json":".json",".html":".html",".rsc":".rsc",".node":".node.js","\\.(m|c)?(j|t)sx?$":".js"},"moduleExtension":".js","jsExtension":".js","cssExtension":".css","htmlExtension":".html","jsonExtension":".json","rscExtension":".rsc","cssModuleExtension":".module.css.js","nodeExtension":".node","useRscWorker":false,"useHtmlWorker":true}

Call stack:     at _createWorker (/home/nico/code/vite-plugin-react-server/plugin/worker/createWorker.ts:234:15)
    at Object.closeBundle (/home/nico/code/vite-plugin-react-server/dist/plugin/react-static/plugin.client.js:314:59)
    at async Promise.all (index 0)
Creating worker with path: /home/nico/code/vite-plugin-react-server/dist/plugin/worker/rsc/rsc-worker.development.js
Node environment: test
Current condition: react-client, Reverse condition: react-server
[create:worker/rsc] Setting up worker with reverse condition: react-server
[create:worker/rsc] Computed execArgv: ["--conditions","react-server"]
[create:worker/rsc] Current NODE_OPTIONS: undefined
[create:worker/rsc] Worker NODE_OPTIONS will be:  --conditions react-server
[create:worker/rsc] Environment variables: TEST, VITEST, NODE_ENV, VITEST_MODE, FORCE_TTY, LESSOPEN, VSCODE_CWD, VSCODE_ESM_ENTRYPOINT, USER, VSCODE_NLS_CONFIG, npm_config_user_agent, VSCODE_WSL_EXT_LOCATION, VSCODE_HANDLES_UNCAUGHT_ERRORS, npm_node_execpath, SHLVL, npm_config_noproxy, HOME, OLDPWD, NVM_BIN, VSCODE_IPC_HOOK_CLI, npm_package_json, NVM_INC, npm_package_engines_node, npm_config_userconfig, npm_config_local_prefix, NO_COLOR, DBUS_SESSION_BUS_ADDRESS, WSL_DISTRO_NAME, COLOR, NVM_DIR, WAYLAND_DISPLAY, VSCODE_L10N_BUNDLE_LOCATION, LOGNAME, FORCE_COLOR, NAME, WSL_INTEROP, VSCODE_HANDLES_SIGPIPE, PULSE_SERVER, _, npm_config_prefix, npm_config_npm_version, TERM, npm_config_cache, COMPOSER_NO_INTERACTION, npm_config_node_gyp, PATH, NODE, npm_package_name, XDG_RUNTIME_DIR, CURSOR_AGENT, DISPLAY, LANG, LS_COLORS, npm_lifecycle_script, SHELL, npm_package_version, npm_lifecycle_event, LESSCLOSE, npm_config_globalconfig, npm_config_init_module, PWD, npm_execpath, npm_package_bin_patch, NVM_CD_FLAGS, XDG_DATA_DIRS, npm_config_global_prefix, npm_command, WSL2_GUI_APPS_ENABLED, HOSTTYPE, WSLENV, INIT_CWD, EDITOR, PROD, DEV, VITE_BASE_URL, VITE_PUBLIC_ORIGIN, BASE_URL, MODE, TINYPOOL_WORKER_ID, VITEST_WORKER_ID, VITEST_POOL_ID, SSR, VITE_DEV, VITE_MODE, VITE_PROD, VITE_SSR, NODE_PATH, NODE_OPTIONS, HTML_CHUNK_SIZE
[create:worker/rsc] execArgv: --conditions react-server
[create:worker/rsc] Worker created, waiting for READY message...

stdout | test/examples/preserve-modules-root.test.ts > Preserve Modules Root (Cross-Environment)
[create:worker/rsc] Initial worker message READY
[create:worker/rsc] Worker running for test

stdout | test/examples/preserve-modules-root.test.ts > Preserve Modules Root (Cross-Environment)
_______ vite-plugin-react-server ______
[35mRSC-worker started in [0m 187ms (initial route: /)
Test Event: [32m'build.ssg.start'[39m
[renderPages] Resolved paths for route /:
  page: src/page/page.tsx -> src/page/page.js
  props: src/page/props.ts -> src/page/props.js
  root: undefined -> undefined
  html: undefined -> undefined
[renderPages] Global CSS: 0 files
[renderPages] CSS files: 1 files
[renderPages] CSS file: assets/src/page/test-CcEzue0F.css -> link (link)
[renderPages] Starting to process route: /
[renderPage.client] onEvent callback exists: true
[renderPage.client] onMetrics callback exists: true
[renderPage.client] Client-side rendering for route: /
[renderPage.client] Resolved paths for route /:
  page: src/page/page.js -> src/page/page.js
  props: src/page/props.js -> src/page/props.js
  root: undefined -> undefined
  html: undefined -> undefined
  manifest keys: src/components/Link.client.tsx, src/page2/test.module.css, src/page/test.module.css, src/page/page.tsx, src/page/props.ts, .vite/manifest.json, .vite/ssr-manifest.json
  HTML path issue: htmlPath='undefined', resolved='undefined', manifest has Html entry: false
  About to pass htmlPath='undefined' to RSC stream
[resolveComponents.client] Resolving components for route: /
[resolveComponents.client] pagePath: src/page/page.js
[resolveComponents.client] propsPath: src/page/props.js
[resolveComponents.client] rootPath: undefined
[resolveComponents.client] htmlPath: undefined

[rsc-worker] Received message: RESOLVE_COMPONENTS for id: /-resolve-1759329892846
[FALLBACK] Using fallback userOptions for renderId: /-resolve-1759329892846
[FALLBACK] fallbackUserOptions.build: {"pages":["/"],"assetsDir":"assets","client":"client","server":"server","static":"static","api":"api","preserveModulesRoot":true,"outDir":"dist","hash":"hash","extensionMap":{".css":".css",".json":".json",".html":".html",".rsc":".rsc",".node":".node.js","\\.(m|c)?(j|t)sx?$":".js"},"rscOutputPath":"index.rsc","htmlOutputPath":"index.html","moduleExtension":".js","jsExtension":".js","cssExtension":".css","htmlExtension":".html","jsonExtension":".json","rscExtension":".rsc","cssModuleExtension":".module.css.js","nodeExtension":".node","useRscWorker":false,"useHtmlWorker":true}
[rsc-worker] Resolving components for route: /
[rsc-worker] pagePath: src/page/page.js
[rsc-worker] propsPath: src/page/props.js
[rsc-worker] rootPath: undefined
[rsc-worker] htmlPath: undefined
[rsc-worker:/] pagePath=src/page/page.js, propsPath=src/page/props.js
[RESOLVE_COMPONENTS] Using outDir: dist
[RESOLVE_COMPONENTS] renderId: /-resolve-1759329892846, hasRenderState: false
[createRscWorkerLoader] build config: {"server":"server","client":"client","static":"static","outDir":"dist"}
[createRscWorkerLoader] build config: {"server":"server","client":"client","static":"static","outDir":"dist"}
[createRscWorkerLoader] manifest: {"src/components/Link.client.tsx":{"file":"src/components/Link.client.js","name":"src/components/Link.client","src":"src/components/Link.client.tsx","isEntry":true,"imports":["react-server-dom-esm/server.node"]},"src/page2/test.module.css":{"file":"src/page2/test.module.js","name":"src/page2/test.module","src":"src/page2/test.module.css","isEntry":true,"css":["assets/src/page2/test-DMVO0Ftg.css"]},"src/page/test.module.css":{"file":"src/page/test.module.js","name":"src/page/test.module","src":"src/page/test.module.css","isEntry":true,"css":["assets/src/page/test-CcEzue0F.css"]},"src/page/page.tsx":{"file":"src/page/page.js","name":"src/page/page","src":"src/page/page.tsx","isEntry":true,"imports":["react","src/page/test.module.js","src/components/Link.client.js"]},"src/page/props.ts":{"file":"src/page/props.js","name":"src/page/props","src":"src/page/props.ts","isEntry":true},".vite/manifest.json":{"file":".vite/manifest.json","src":".vite/manifest.json","source":"{\n  \"src/components/Link.client.tsx\": {\n    \"file\": \"src/components/Link.client.js\",\n    \"name\": \"src/components/Link.client\",\n    \"src\": \"src/components/Link.client.tsx\",\n    \"isEntry\": true\n  },\n  \"src/page/page.tsx\": {\n    \"file\": \"src/page/page.js\",\n    \"name\": \"src/page/page\",\n    \"src\": \"src/page/page.tsx\",\n    \"isEntry\": true,\n    \"imports\": [\n      \"src/page/test.module.css\",\n      \"src/components/Link.client.tsx\"\n    ]\n  },\n  \"src/page/props.ts\": {\n    \"file\": \"src/page/props.js\",\n    \"name\": \"src/page/props\",\n    \"src\": \"src/page/props.ts\",\n    \"isEntry\": true\n  },\n  \"src/page/test.module.css\": {\n    \"file\": \"src/page/test.module.js\",\n    \"name\": \"src/page/test.module\",\n    \"src\": \"src/page/test.module.css\",\n    \"isEntry\": true,\n    \"css\": [\n      \"assets/src/page/test-CcEzue0F.css\"\n    ]\n  },\n  \"src/page2/test.module.css\": {\n    \"file\": \"src/page2/test.module.js\",\n    \"name\": \"src/page2/test.module\",\n    \"src\": \"src/page2/test.module.css\",\n    \"isEntry\": true,\n    \"css\": [\n      \"assets/src/page2/test-DMVO0Ftg.css\"\n    ]\n  }\n}","isEntry":false},".vite/ssr-manifest.json":{"file":".vite/ssr-manifest.json","src":".vite/ssr-manifest.json","source":"{\n  \"src/components/Link.client.tsx\": [],\n  \"src/page/page.tsx\": [],\n  \"src/page/props.ts\": [],\n  \"src/page/test.module.css\": [],\n  \"src/page2/test.module.css\": []\n}","isEntry":false}}
[createRscWorkerLoader] configEnv: {"mode":"test","command":"build","isSsrBuild":false,"isPreview":false}
[createRscWorkerLoader] config.env: {"VITE_BASE_URL":"","VITE_PUBLIC_ORIGIN":"","BASE_URL":"/","MODE":"test","DEV":true,"PROD":false}
[createRscWorkerLoader] mode: test
[createRscWorkerLoader] NODE_ENV: test
[createRscWorkerLoader] isServeMode: false
[createRscWorkerLoader] projectRoot: /home/nico/code/vite-plugin-react-server/test/fixtures/shared/preserve-modules-root-test-project
[loadComponentsWithCache] pagePath=src/page/page.js, propsPath=src/page/props.js, url=//
[loadComponentsWithCache] Loading page and props for pagePath=src/page/page.js
[resolvePageAndProps] Starting resolution for route: undefined
[resolvePageAndProps] URL resolved: //
[resolvePageAndProps] Starting page resolution
[RSC Worker Loader] Loading module: src/page/page.js#Page
[RSC Worker Loader] Searching manifest for moduleID: src/page/page.js
[RSC Worker Loader] Build mode: found manifest entry for src/page/page.js via source path src/page/page.tsx: {"file":"src/page/page.js","name":"src/page/page","src":"src/page/page.tsx","isEntry":true,"imports":["react","src/page/test.module.js","src/components/Link.client.js"]}
[RSC Worker Loader] Build mode: found manifest/bundle entry, using file path: src/page/page.js
[RSC Worker Loader] Build mode: RSC worker environment, prefixing with dist/server
[RSC Worker Loader] Importing from: /home/nico/code/vite-plugin-react-server/test/fixtures/shared/preserve-modules-root-test-project/dist/server/src/page/page.js
[resolvePageAndProps] Starting props resolution
[resolvePageAndProps] Props loader called
[resolvePageAndProps] Waiting for both promises to resolve
[RSC Worker Loader] Module loaded successfully, exports: Page
[resolvePageAndProps] Loading props from separate file: src/page/props.js
[RSC Worker Loader] Loading module: src/page/props.js
[RSC Worker Loader] Searching manifest for moduleID: src/page/props.js
[RSC Worker Loader] Build mode: found manifest entry for src/page/props.js via source path src/page/props.ts: {"file":"src/page/props.js","name":"src/page/props","src":"src/page/props.ts","isEntry":true}
[RSC Worker Loader] Build mode: found manifest/bundle entry, using file path: src/page/props.js
[RSC Worker Loader] Build mode: RSC worker environment, prefixing with dist/server
[RSC Worker Loader] Importing from: /home/nico/code/vite-plugin-react-server/test/fixtures/shared/preserve-modules-root-test-project/dist/server/src/page/props.js
[RSC Worker Loader] Module loaded successfully, exports: props
[resolvePageAndProps] Both promises resolved
[resolvePageAndProps] Both page and props resolved successfully
[loadComponentsWithCache] pageAndPropsResult for src/page/page.js:
[rsc-worker] Loaded and cached PageComponent from: src/page/page.js
[rsc-worker] Loaded and cached pageProps from: src/page/props.js
[rsc-worker] Loaded pageProps:
[rsc-worker] Using built-in default Root component
[rsc-worker] Html component resolution: htmlPath='undefined' (type: undefined)
[rsc-worker] htmlPath is undefined, using default Html component
[rsc-worker] Successfully loaded default Html component
stdout | test/examples/preserve-modules-root.test.ts > Preserve Modules Root (Cross-Environment)
[resolveComponents.client] Components resolved for route: / in 9.88ms

stdout | test/examples/preserve-modules-root.test.ts > Preserve Modules Root (Cross-Environment)
[renderPage.client] handlerOptions.clientPipeableStreamOptions: {"bootstrapScripts":[]}
[renderPage.client] newHandlerOptions.clientPipeableStreamOptions: {"bootstrapScripts":[]}
[renderPage.client] newHandlerOptions page paths: pagePath=src/page/page.js, propsPath=src/page/props.js, rootPath=undefined, htmlPath=undefined
[renderPage.client] Creating HTML transform stream with clientPipeableStreamOptions: {"bootstrapScripts":[]}
[createRscToHtmlStream:/] Creating RSC to HTML transform stream (client-side, using createHtmlStream)
[createRenderToPipeableStreamHandler.client:/] Starting RSC-to-HTML conversion using natural Node.js streams
[createRenderToPipeableStreamHandler.client:/] Converting RSC stream to React elements using natural Node.js streams
[createNodeStream.client] Converting RSC stream to React elements, moduleRootPath: /home/nico/code/vite-plugin-react-server/test/fixtures/shared/preserve-modules-root-test-project/dist/client, moduleBasePath: , moduleBaseURL:  (type: string)
[createNodeStream.client] Using ReactDOMClient.createFromNodeStream from react-server-dom-esm/client.node
[createNodeStream.client] rscStream type: object, readable: true, destroyed: false
[createRenderToPipeableStreamHandler.client:/] React elements ready, starting HTML rendering
[createRenderToPipeableStreamHandler.client:/] React stream piped to custom writable, using natural Node.js stream handling

[rsc-worker] Components resolved for route: / in 8.98ms
[rsc-worker] Received message: INIT for id: /
options changed, forcing re-resolve
[INIT] Set render state for renderId: /-headless-/-1759329892845-3d1bzb5m1
[INIT] renderUserOptions.build: {"pages":["/"],"assetsDir":"assets","client":"client","server":"server","static":"static","api":"api","preserveModulesRoot":true,"outDir":"dist","hash":"hash","extensionMap":{".css":".css",".json":".json",".html":".html",".rsc":".rsc",".node":".node.js","\\.(m|c)?(j|t)sx?$":".js"},"rscOutputPath":"index.rsc","htmlOutputPath":"index.html","moduleExtension":".js","jsExtension":".js","cssExtension":".css","htmlExtension":".html","jsonExtension":".json","rscExtension":".rsc","cssModuleExtension":".module.css.js","nodeExtension":".node","useRscWorker":false,"useHtmlWorker":true}
[rsc-worker] Processing rsc-headless render for route: / with ID: /-headless-/-1759329892845-3d1bzb5m1
[rsc-worker:/] 
msg.options.build: {"pages":["/"],"assetsDir":"assets","client":"client","server":"server","static":"static","api":"api","preserveModulesRoot":true,"outDir":"dist","hash":"hash","extensionMap":{".css":".css",".json":".json",".html":".html",".rsc":".rsc",".node":".node.js","\\.(m|c)?(j|t)sx?$":".js"},"rscOutputPath":"index.rsc","htmlOutputPath":"index.html","moduleExtension":".js","jsExtension":".js","cssExtension":".css","htmlExtension":".html","jsonExtension":".json","rscExtension":".rsc","cssModuleExtension":".module.css.js","nodeExtension":".node","useRscWorker":false,"useHtmlWorker":true}
msg.options.route
userOptions.build: {"pages":["/"],"assetsDir":"assets","client":"client","server":"server","static":"static","api":"api","preserveModulesRoot":true,"outDir":"dist","hash":"hash","extensionMap":{".css":".css",".json":".json",".html":".html",".rsc":".rsc",".node":".node.js","\\.(m|c)?(j|t)sx?$":".js"},"rscOutputPath":"index.rsc","htmlOutputPath":"index.html","moduleExtension":".js","jsExtension":".js","cssExtension":".css","htmlExtension":".html","jsonExtension":".json","rscExtension":".rsc","cssModuleExtension":".module.css.js","nodeExtension":".node","useRscWorker":false,"useHtmlWorker":true}
final buildConfig: {"server":"server","client":"client","static":"static","outDir":"dist","assetsDir":"assets","rscOutputPath":"index.rsc","htmlOutputPath":"index.html","preserveModulesRoot":true}
[createRscWorkerLoader] build config: {"server":"server","client":"client","static":"static","outDir":"dist","assetsDir":"assets","rscOutputPath":"index.rsc","htmlOutputPath":"index.html","preserveModulesRoot":true}
[createRscWorkerLoader] build config: {"server":"server","client":"client","static":"static","outDir":"dist","assetsDir":"assets","rscOutputPath":"index.rsc","htmlOutputPath":"index.html","preserveModulesRoot":true}
[createRscWorkerLoader] manifest: {"src/components/Link.client.tsx":{"file":"src/components/Link.client.js","name":"src/components/Link.client","src":"src/components/Link.client.tsx","isEntry":true,"imports":["react-server-dom-esm/server.node"]},"src/page2/test.module.css":{"file":"src/page2/test.module.js","name":"src/page2/test.module","src":"src/page2/test.module.css","isEntry":true,"css":["assets/src/page2/test-DMVO0Ftg.css"]},"src/page/test.module.css":{"file":"src/page/test.module.js","name":"src/page/test.module","src":"src/page/test.module.css","isEntry":true,"css":["assets/src/page/test-CcEzue0F.css"]},"src/page/page.tsx":{"file":"src/page/page.js","name":"src/page/page","src":"src/page/page.tsx","isEntry":true,"imports":["react","src/page/test.module.js","src/components/Link.client.js"]},"src/page/props.ts":{"file":"src/page/props.js","name":"src/page/props","src":"src/page/props.ts","isEntry":true},".vite/manifest.json":{"file":".vite/manifest.json","src":".vite/manifest.json","source":"{\n  \"src/components/Link.client.tsx\": {\n    \"file\": \"src/components/Link.client.js\",\n    \"name\": \"src/components/Link.client\",\n    \"src\": \"src/components/Link.client.tsx\",\n    \"isEntry\": true\n  },\n  \"src/page/page.tsx\": {\n    \"file\": \"src/page/page.js\",\n    \"name\": \"src/page/page\",\n    \"src\": \"src/page/page.tsx\",\n    \"isEntry\": true,\n    \"imports\": [\n      \"src/page/test.module.css\",\n      \"src/components/Link.client.tsx\"\n    ]\n  },\n  \"src/page/props.ts\": {\n    \"file\": \"src/page/props.js\",\n    \"name\": \"src/page/props\",\n    \"src\": \"src/page/props.ts\",\n    \"isEntry\": true\n  },\n  \"src/page/test.module.css\": {\n    \"file\": \"src/page/test.module.js\",\n    \"name\": \"src/page/test.module\",\n    \"src\": \"src/page/test.module.css\",\n    \"isEntry\": true,\n    \"css\": [\n      \"assets/src/page/test-CcEzue0F.css\"\n    ]\n  },\n  \"src/page2/test.module.css\": {\n    \"file\": \"src/page2/test.module.js\",\n    \"name\": \"src/page2/test.module\",\n    \"src\": \"src/page2/test.module.css\",\n    \"isEntry\": true,\n    \"css\": [\n      \"assets/src/page2/test-DMVO0Ftg.css\"\n    ]\n  }\n}","isEntry":false},".vite/ssr-manifest.json":{"file":".vite/ssr-manifest.json","src":".vite/ssr-manifest.json","source":"{\n  \"src/components/Link.client.tsx\": [],\n  \"src/page/page.tsx\": [],\n  \"src/page/props.ts\": [],\n  \"src/page/test.module.css\": [],\n  \"src/page2/test.module.css\": []\n}","isEntry":false}}
[createRscWorkerLoader] configEnv: {"mode":"test","command":"build","isSsrBuild":false,"isPreview":false}
[createRscWorkerLoader] config.env: {"VITE_BASE_URL":"","VITE_PUBLIC_ORIGIN":"","BASE_URL":"/","MODE":"test","DEV":true,"PROD":false}
[createRscWorkerLoader] mode: test
[createRscWorkerLoader] NODE_ENV: test
[createRscWorkerLoader] isServeMode: false
[createRscWorkerLoader] projectRoot: /home/nico/code/vite-plugin-react-server/test/fixtures/shared/preserve-modules-root-test-project
[rsc-worker:messageHandler] Component paths for route /:
  pagePath: src/page/page.js
  propsPath: src/page/props.js
  rootPath: undefined
  htmlPath: 
[loadComponentsWithCache] pagePath=src/page/page.js, propsPath=src/page/props.js, url=/
[loadComponentsWithCache] Loading page and props for pagePath=src/page/page.js
[resolvePageAndProps] Starting resolution for route: undefined
[resolvePageAndProps] URL resolved: /
[resolvePageAndProps] Starting page resolution
[RSC Worker Loader] Loading module: src/page/page.js#Page
[RSC Worker Loader] Searching manifest for moduleID: src/page/page.js
[RSC Worker Loader] Build mode: found manifest entry for src/page/page.js via source path src/page/page.tsx: {"file":"src/page/page.js","name":"src/page/page","src":"src/page/page.tsx","isEntry":true,"imports":["react","src/page/test.module.js","src/components/Link.client.js"]}
[RSC Worker Loader] Build mode: found manifest/bundle entry, using file path: src/page/page.js
[RSC Worker Loader] Build mode: RSC worker environment, prefixing with dist/server
[RSC Worker Loader] Importing from: /home/nico/code/vite-plugin-react-server/test/fixtures/shared/preserve-modules-root-test-project/dist/server/src/page/page.js
[resolvePageAndProps] Starting props resolution
[resolvePageAndProps] Props loader called
[resolvePageAndProps] Waiting for both promises to resolve
[rsc-worker] Received message: INIT for id: /
options changed, forcing re-resolve
[INIT] Set render state for renderId: /-full-/-1759329892845-3d1bzb5m1
[INIT] renderUserOptions.build: {"pages":["/"],"assetsDir":"assets","client":"client","server":"server","static":"static","api":"api","preserveModulesRoot":true,"outDir":"dist","hash":"hash","extensionMap":{".css":".css",".json":".json",".html":".html",".rsc":".rsc",".node":".node.js","\\.(m|c)?(j|t)sx?$":".js"},"rscOutputPath":"index.rsc","htmlOutputPath":"index.html","moduleExtension":".js","jsExtension":".js","cssExtension":".css","htmlExtension":".html","jsonExtension":".json","rscExtension":".rsc","cssModuleExtension":".module.css.js","nodeExtension":".node","useRscWorker":false,"useHtmlWorker":true}
[rsc-worker] Processing rsc-full render for route: / with ID: /-full-/-1759329892845-3d1bzb5m1
[rsc-worker:/] 
msg.options.build: {"pages":["/"],"assetsDir":"assets","client":"client","server":"server","static":"static","api":"api","preserveModulesRoot":true,"outDir":"dist","hash":"hash","extensionMap":{".css":".css",".json":".json",".html":".html",".rsc":".rsc",".node":".node.js","\\.(m|c)?(j|t)sx?$":".js"},"rscOutputPath":"index.rsc","htmlOutputPath":"index.html","moduleExtension":".js","jsExtension":".js","cssExtension":".css","htmlExtension":".html","jsonExtension":".json","rscExtension":".rsc","cssModuleExtension":".module.css.js","nodeExtension":".node","useRscWorker":false,"useHtmlWorker":true}
msg.options.route
userOptions.build: {"pages":["/"],"assetsDir":"assets","client":"client","server":"server","static":"static","api":"api","preserveModulesRoot":true,"outDir":"dist","hash":"hash","extensionMap":{".css":".css",".json":".json",".html":".html",".rsc":".rsc",".node":".node.js","\\.(m|c)?(j|t)sx?$":".js"},"rscOutputPath":"index.rsc","htmlOutputPath":"index.html","moduleExtension":".js","jsExtension":".js","cssExtension":".css","htmlExtension":".html","jsonExtension":".json","rscExtension":".rsc","cssModuleExtension":".module.css.js","nodeExtension":".node","useRscWorker":false,"useHtmlWorker":true}
final buildConfig: {"server":"server","client":"client","static":"static","outDir":"dist","assetsDir":"assets","rscOutputPath":"index.rsc","htmlOutputPath":"index.html","preserveModulesRoot":true}
[createRscWorkerLoader] build config: {"server":"server","client":"client","static":"static","outDir":"dist","assetsDir":"assets","rscOutputPath":"index.rsc","htmlOutputPath":"index.html","preserveModulesRoot":true}
[createRscWorkerLoader] build config: {"server":"server","client":"client","static":"static","outDir":"dist","assetsDir":"assets","rscOutputPath":"index.rsc","htmlOutputPath":"index.html","preserveModulesRoot":true}
[createRscWorkerLoader] manifest: {"src/components/Link.client.tsx":{"file":"src/components/Link.client.js","name":"src/components/Link.client","src":"src/components/Link.client.tsx","isEntry":true,"imports":["react-server-dom-esm/server.node"]},"src/page2/test.module.css":{"file":"src/page2/test.module.js","name":"src/page2/test.module","src":"src/page2/test.module.css","isEntry":true,"css":["assets/src/page2/test-DMVO0Ftg.css"]},"src/page/test.module.css":{"file":"src/page/test.module.js","name":"src/page/test.module","src":"src/page/test.module.css","isEntry":true,"css":["assets/src/page/test-CcEzue0F.css"]},"src/page/page.tsx":{"file":"src/page/page.js","name":"src/page/page","src":"src/page/page.tsx","isEntry":true,"imports":["react","src/page/test.module.js","src/components/Link.client.js"]},"src/page/props.ts":{"file":"src/page/props.js","name":"src/page/props","src":"src/page/props.ts","isEntry":true},".vite/manifest.json":{"file":".vite/manifest.json","src":".vite/manifest.json","source":"{\n  \"src/components/Link.client.tsx\": {\n    \"file\": \"src/components/Link.client.js\",\n    \"name\": \"src/components/Link.client\",\n    \"src\": \"src/components/Link.client.tsx\",\n    \"isEntry\": true\n  },\n  \"src/page/page.tsx\": {\n    \"file\": \"src/page/page.js\",\n    \"name\": \"src/page/page\",\n    \"src\": \"src/page/page.tsx\",\n    \"isEntry\": true,\n    \"imports\": [\n      \"src/page/test.module.css\",\n      \"src/components/Link.client.tsx\"\n    ]\n  },\n  \"src/page/props.ts\": {\n    \"file\": \"src/page/props.js\",\n    \"name\": \"src/page/props\",\n    \"src\": \"src/page/props.ts\",\n    \"isEntry\": true\n  },\n  \"src/page/test.module.css\": {\n    \"file\": \"src/page/test.module.js\",\n    \"name\": \"src/page/test.module\",\n    \"src\": \"src/page/test.module.css\",\n    \"isEntry\": true,\n    \"css\": [\n      \"assets/src/page/test-CcEzue0F.css\"\n    ]\n  },\n  \"src/page2/test.module.css\": {\n    \"file\": \"src/page2/test.module.js\",\n    \"name\": \"src/page2/test.module\",\n    \"src\": \"src/page2/test.module.css\",\n    \"isEntry\": true,\n    \"css\": [\n      \"assets/src/page2/test-DMVO0Ftg.css\"\n    ]\n  }\n}","isEntry":false},".vite/ssr-manifest.json":{"file":".vite/ssr-manifest.json","src":".vite/ssr-manifest.json","source":"{\n  \"src/components/Link.client.tsx\": [],\n  \"src/page/page.tsx\": [],\n  \"src/page/props.ts\": [],\n  \"src/page/test.module.css\": [],\n  \"src/page2/test.module.css\": []\n}","isEntry":false}}
[createRscWorkerLoader] configEnv: {"mode":"test","command":"build","isSsrBuild":false,"isPreview":false}
[createRscWorkerLoader] config.env: {"VITE_BASE_URL":"","VITE_PUBLIC_ORIGIN":"","BASE_URL":"/","MODE":"test","DEV":true,"PROD":false}
[createRscWorkerLoader] mode: test
[createRscWorkerLoader] NODE_ENV: test
[createRscWorkerLoader] isServeMode: false
[createRscWorkerLoader] projectRoot: /home/nico/code/vite-plugin-react-server/test/fixtures/shared/preserve-modules-root-test-project
[rsc-worker:messageHandler] Component paths for route /:
  pagePath: src/page/page.js
  propsPath: src/page/props.js
  rootPath: undefined
  htmlPath: undefined
[loadComponentsWithCache] pagePath=src/page/page.js, propsPath=src/page/props.js, url=/
[loadComponentsWithCache] Loading page and props for pagePath=src/page/page.js
[resolvePageAndProps] Starting resolution for route: undefined
[resolvePageAndProps] URL resolved: /
[resolvePageAndProps] Starting page resolution
[RSC Worker Loader] Loading module: src/page/page.js#Page
[RSC Worker Loader] Searching manifest for moduleID: src/page/page.js
[RSC Worker Loader] Build mode: found manifest entry for src/page/page.js via source path src/page/page.tsx: {"file":"src/page/page.js","name":"src/page/page","src":"src/page/page.tsx","isEntry":true,"imports":["react","src/page/test.module.js","src/components/Link.client.js"]}
[RSC Worker Loader] Build mode: found manifest/bundle entry, using file path: src/page/page.js
[RSC Worker Loader] Build mode: RSC worker environment, prefixing with dist/server
[RSC Worker Loader] Importing from: /home/nico/code/vite-plugin-react-server/test/fixtures/shared/preserve-modules-root-test-project/dist/server/src/page/page.js
[resolvePageAndProps] Starting props resolution
[resolvePageAndProps] Props loader called
[resolvePageAndProps] Waiting for both promises to resolve
[RSC Worker Loader] Module loaded successfully, exports: Page
[resolvePageAndProps] Loading props from separate file: src/page/props.js
[RSC Worker Loader] Loading module: src/page/props.js
[RSC Worker Loader] Searching manifest for moduleID: src/page/props.js
[RSC Worker Loader] Build mode: found manifest entry for src/page/props.js via source path src/page/props.ts: {"file":"src/page/props.js","name":"src/page/props","src":"src/page/props.ts","isEntry":true}
[RSC Worker Loader] Build mode: found manifest/bundle entry, using file path: src/page/props.js
[RSC Worker Loader] Build mode: RSC worker environment, prefixing with dist/server
[RSC Worker Loader] Importing from: /home/nico/code/vite-plugin-react-server/test/fixtures/shared/preserve-modules-root-test-project/dist/server/src/page/props.js
[RSC Worker Loader] Module loaded successfully, exports: Page
[resolvePageAndProps] Loading props from separate file: src/page/props.js
[RSC Worker Loader] Loading module: src/page/props.js
[RSC Worker Loader] Searching manifest for moduleID: src/page/props.js
[RSC Worker Loader] Build mode: found manifest entry for src/page/props.js via source path src/page/props.ts: {"file":"src/page/props.js","name":"src/page/props","src":"src/page/props.ts","isEntry":true}
[RSC Worker Loader] Build mode: found manifest/bundle entry, using file path: src/page/props.js
[RSC Worker Loader] Build mode: RSC worker environment, prefixing with dist/server
[RSC Worker Loader] Importing from: /home/nico/code/vite-plugin-react-server/test/fixtures/shared/preserve-modules-root-test-project/dist/server/src/page/props.js
[RSC Worker Loader] Module loaded successfully, exports: props
[RSC Worker Loader] Module loaded successfully, exports: props
[resolvePageAndProps] Both promises resolved
[resolvePageAndProps] Both page and props resolved successfully
[resolvePageAndProps] Both promises resolved
[resolvePageAndProps] Both page and props resolved successfully
[loadComponentsWithCache] pageAndPropsResult for src/page/page.js:
[rsc-worker] Loaded and cached PageComponent from: src/page/page.js
[rsc-worker] Loaded and cached pageProps from: src/page/props.js
[rsc-worker] Loaded pageProps:
[rsc-worker] Using built-in default Root component
[rsc-worker] Html component resolution: htmlPath='' (type: string)
[rsc-worker] Using headless Html component (empty string)
[loadComponentsWithCache] pageAndPropsResult for src/page/page.js:
[rsc-worker] Loaded and cached PageComponent from: src/page/page.js
[rsc-worker] Loaded and cached pageProps from: src/page/props.js
[rsc-worker] Loaded pageProps:
[rsc-worker] Using built-in default Root component
[rsc-worker] Html component resolution: htmlPath='undefined' (type: undefined)
[rsc-worker] htmlPath is undefined, using default Html component
[rsc-worker] Loaded components for route /:
[rsc-worker] - PageComponent: function
[rsc-worker] - pageProps: {"title":"Test","url":"/"}
[rsc-worker] - RootComponent: function
[rsc-worker] - HtmlComponent: symbol
[rsc-worker] Headless stream serverPipeableStreamOptions: {"bootstrapScripts":[]}
[rsc-worker] Route: /, isHeadless: true, isStaticGeneration: dist
[rsc-worker] msg.options.build: {"pages":["/"],"assetsDir":"assets","client":"client","server":"server","static":"static","api":"api","preserveModulesRoot":true,"outDir":"dist","hash":"hash","extensionMap":{".css":".css",".json":".json",".html":".html",".rsc":".rsc",".node":".node.js","\\.(m|c)?(j|t)sx?$":".js"},"rscOutputPath":"index.rsc","htmlOutputPath":"index.html","moduleExtension":".js","jsExtension":".js","cssExtension":".css","htmlExtension":".html","jsonExtension":".json","rscExtension":".rsc","cssModuleExtension":".module.css.js","nodeExtension":".node","useRscWorker":false,"useHtmlWorker":true}
[rsc-worker] Creating headless RSC stream for route / (no HTML wrapper)
[rsc-worker:/] Creating RSC stream
[rsc-worker:/] htmlPath in handlerOptions: "undefined" (type: undefined)
[rsc-worker:/] HtmlComponent in handlerOptions: present
[createElementWithReact] Creating element for route: /
[createElementWithReact] CSS files: 1 files
[createElementWithReact] Global CSS: 0 files
[createElementWithReact] Returning Root only
[rsc-worker:/] About to render element for route: /
[rsc-worker:/] Element to render: {
  "key": "/",
  "props": {
    "cssFiles": {},
    "pageProps": {
      "title": "Test",
      "url": "/"
    }
  },
  "_owner": null,
  "_store": {}
}
[rsc-worker:/] Props: {
  "moduleBase": "src",
  "projectRoot": "/home/nico/code/vite-plugin-react-server/test/fixtures/shared/preserve-modules-root-test-project",
  "cssFiles": {},
  "globalCss": {},
  "manifest": {
    "src/components/Link.client.tsx": {
      "file": "src/components/Link.client.js",
      "name": "src/components/Link.client",
      "src": "src/components/Link.client.tsx",
      "isEntry": true,
      "imports": [
        "react-server-dom-esm/server.node"
      ]
    },
    "src/page2/test.module.css": {
      "file": "src/page2/test.module.js",
      "name": "src/page2/test.module",
      "src": "src/page2/test.module.css",
      "isEntry": true,
      "css": [
        "assets/src/page2/test-DMVO0Ftg.css"
      ]
    },
    "src/page/test.module.css": {
      "file": "src/page/test.module.js",
      "name": "src/page/test.module",
      "src": "src/page/test.module.css",
      "isEntry": true,
      "css": [
        "assets/src/page/test-CcEzue0F.css"
      ]
    },
    "src/page/page.tsx": {
      "file": "src/page/page.js",
      "name": "src/page/page",
      "src": "src/page/page.tsx",
      "isEntry": true,
      "imports": [
        "react",
        "src/page/test.module.js",
        "src/components/Link.client.js"
      ]
    },
    "src/page/props.ts": {
      "file": "src/page/props.js",
      "name": "src/page/props",
      "src": "src/page/props.ts",
      "isEntry": true
    },
    ".vite/manifest.json": {
      "file": ".vite/manifest.json",
      "src": ".vite/manifest.json",
      "source": "{\n  \"src/components/Link.client.tsx\": {\n    \"file\": \"src/components/Link.client.js\",\n    \"name\": \"src/components/Link.client\",\n    \"src\": \"src/components/Link.client.tsx\",\n    \"isEntry\": true\n  },\n  \"src/page/page.tsx\": {\n    \"file\": \"src/page/page.js\",\n    \"name\": \"src/page/page\",\n    \"src\": \"src/page/page.tsx\",\n    \"isEntry\": true,\n    \"imports\": [\n      \"src/page/test.module.css\",\n      \"src/components/Link.client.tsx\"\n    ]\n  },\n  \"src/page/props.ts\": {\n    \"file\": \"src/page/props.js\",\n    \"name\": \"src/page/props\",\n    \"src\": \"src/page/props.ts\",\n    \"isEntry\": true\n  },\n  \"src/page/test.module.css\": {\n    \"file\": \"src/page/test.module.js\",\n    \"name\": \"src/page/test.module\",\n    \"src\": \"src/page/test.module.css\",\n    \"isEntry\": true,\n    \"css\": [\n      \"assets/src/page/test-CcEzue0F.css\"\n    ]\n  },\n  \"src/page2/test.module.css\": {\n    \"file\": \"src/page2/test.module.js\",\n    \"name\": \"src/page2/test.module\",\n    \"src\": \"src/page2/test.module.css\",\n    \"isEntry\": true,\n    \"css\": [\n      \"assets/src/page2/test-DMVO0Ftg.css\"\n    ]\n  }\n}",
      "isEntry": false
    },
    ".vite/ssr-manifest.json": {
      "file": ".vite/ssr-manifest.json",
      "src": ".vite/ssr-manifest.json",
      "source": "{\n  \"src/components/Link.client.tsx\": [],\n  \"src/page/page.tsx\": [],\n  \"src/page/props.ts\": [],\n  \"src/page/test.module.css\": [],\n  \"src/page2/test.module.css\": []\n}",
      "isEntry": false
    }
  },
  "route": "/",
  "url": "/",
  "pageProps": {
    "title": "Test",
    "url": "/"
  },
  "moduleBasePath": "",
  "moduleBaseURL": "/",
  "moduleRootPath": "/home/nico/code/vite-plugin-react-server/test/fixtures/shared/preserve-modules-root-test-project/dist/client",
  "verbose": true,
  "logger": {
    "hasWarned": false
  },
  "panicThreshold": "all_errors",
  "rscTimeout": 5000,
  "serverPipeableStreamOptions": {
    "bootstrapScripts": []
  },
  "id": "/-headless-/-1759329892845-3d1bzb5m1"
}
[rsc-worker:/] *** CALLING renderToPipeableStream ***
[rsc-worker:/] *** renderToPipeableStream returned pipe function ***
[rsc-worker:/] *** CALLING pipe(passThrough) ***
[rsc-worker:/] *** pipe(passThrough) call completed ***
[rsc-worker:/] Two-port mode: using standard pipe interface, React will call _final when complete
[rsc-worker:/] Two-port mode: using data-flow completion detection
[rsc-worker:/] Render setup complete for route: / - function returning, worker should continue
[rsc-worker] Processing single-use stream /-headless-/-1759329892845-3d1bzb5m1 for route: /
Test Page rendering { title: 'Test', url: '/' } _test_x2k9h_1 _shared_x2k9h_2
[rsc-worker:/] *** STREAM FINISH EVENT FIRED ***
[rsc-worker:/] *** STREAM FINISH EVENT FIRED ***
[rsc-worker:/] *** STREAM CLOSE EVENT FIRED ***
[rsc-worker:/] Stored Page component for headless stream /-headless-/-1759329892845-3d1bzb5m1 (from close event)
[rsc-worker:/] Calling handlers.onEnd(/-headless-/-1759329892845-3d1bzb5m1) from close event to trigger completion
[rsc-worker] Successfully loaded default Html component
[rsc-worker] Loaded components for route /:
[rsc-worker] - PageComponent: function
[rsc-worker] - pageProps: {"title":"Test","url":"/"}
[rsc-worker] - RootComponent: function
[rsc-worker] - HtmlComponent: function
[rsc-worker] Full stream serverPipeableStreamOptions: {"bootstrapScripts":[]}
[rsc-worker] Found reusable elements from headless stream /-headless-/-1759329892845-3d1bzb5m1
[rsc-worker] Route: /, isHeadless: false, isStaticGeneration: dist
[rsc-worker] msg.options.build: {"pages":["/"],"assetsDir":"assets","client":"client","server":"server","static":"static","api":"api","preserveModulesRoot":true,"outDir":"dist","hash":"hash","extensionMap":{".css":".css",".json":".json",".html":".html",".rsc":".rsc",".node":".node.js","\\.(m|c)?(j|t)sx?$":".js"},"rscOutputPath":"index.rsc","htmlOutputPath":"index.html","moduleExtension":".js","jsExtension":".js","cssExtension":".css","htmlExtension":".html","jsonExtension":".json","rscExtension":".rsc","cssModuleExtension":".module.css.js","nodeExtension":".node","useRscWorker":false,"useHtmlWorker":true}
[rsc-worker] Creating full RSC stream with reused elements from headless stream for route /
[rsc-worker:/] Creating RSC stream
[rsc-worker:/] htmlPath in handlerOptions: "undefined" (type: undefined)
[rsc-worker:/] HtmlComponent in handlerOptions: present
[rsc-worker:/] Found reusable stream from headless stream /-headless-/-1759329892845-3d1bzb5m1
[rsc-worker:/] Reusing Page component from headless stream /-headless-/-1759329892845-3d1bzb5m1
[createElementWithReact] Creating element for route: /
[createElementWithReact] CSS files: 1 files
[createElementWithReact] Global CSS: 0 files
[createElementWithReact] Returning Full HTML structure
[rsc-worker:/] About to render element for route: /
[rsc-worker:/] Element to render: {
  "key": null,
  "props": {
    "moduleBase": "src",
    "moduleBaseURL": "/",
    "moduleBasePath": "",
    "moduleRootPath": "/home/nico/code/vite-plugin-react-server/test/fixtures/shared/preserve-modules-root-test-project/dist/client",
    "projectRoot": "/home/nico/code/vite-plugin-react-server/test/fixtures/shared/preserve-modules-root-test-project",
    "url": "/",
    "route": "/",
    "pageProps": {
      "title": "Test",
      "url": "/"
    },
    "cssFiles": {},
    "globalCss": {},
    "manifest": {
      "src/components/Link.client.tsx": {
        "file": "src/components/Link.client.js",
        "name": "src/components/Link.client",
        "src": "src/components/Link.client.tsx",
        "isEntry": true,
        "imports": [
          "react-server-dom-esm/server.node"
        ]
      },
      "src/page2/test.module.css": {
        "file": "src/page2/test.module.js",
        "name": "src/page2/test.module",
        "src": "src/page2/test.module.css",
        "isEntry": true,
        "css": [
          "assets/src/page2/test-DMVO0Ftg.css"
        ]
      },
      "src/page/test.module.css": {
        "file": "src/page/test.module.js",
        "name": "src/page/test.module",
        "src": "src/page/test.module.css",
        "isEntry": true,
        "css": [
          "assets/src/page/test-CcEzue0F.css"
        ]
      },
      "src/page/page.tsx": {
        "file": "src/page/page.js",
        "name": "src/page/page",
        "src": "src/page/page.tsx",
        "isEntry": true,
        "imports": [
          "react",
          "src/page/test.module.js",
          "src/components/Link.client.js"
        ]
      },
      "src/page/props.ts": {
        "file": "src/page/props.js",
        "name": "src/page/props",
        "src": "src/page/props.ts",
        "isEntry": true
      },
      ".vite/manifest.json": {
        "file": ".vite/manifest.json",
        "src": ".vite/manifest.json",
        "source": "{\n  \"src/components/Link.client.tsx\": {\n    \"file\": \"src/components/Link.client.js\",\n    \"name\": \"src/components/Link.client\",\n    \"src\": \"src/components/Link.client.tsx\",\n    \"isEntry\": true\n  },\n  \"src/page/page.tsx\": {\n    \"file\": \"src/page/page.js\",\n    \"name\": \"src/page/page\",\n    \"src\": \"src/page/page.tsx\",\n    \"isEntry\": true,\n    \"imports\": [\n      \"src/page/test.module.css\",\n      \"src/components/Link.client.tsx\"\n    ]\n  },\n  \"src/page/props.ts\": {\n    \"file\": \"src/page/props.js\",\n    \"name\": \"src/page/props\",\n    \"src\": \"src/page/props.ts\",\n    \"isEntry\": true\n  },\n  \"src/page/test.module.css\": {\n    \"file\": \"src/page/test.module.js\",\n    \"name\": \"src/page/test.module\",\n    \"src\": \"src/page/test.module.css\",\n    \"isEntry\": true,\n    \"css\": [\n      \"assets/src/page/test-CcEzue0F.css\"\n    ]\n  },\n  \"src/page2/test.module.css\": {\n    \"file\": \"src/page2/test.module.js\",\n    \"name\": \"src/page2/test.module\",\n    \"src\": \"src/page2/test.module.css\",\n    \"isEntry\": true,\n    \"css\": [\n      \"assets/src/page2/test-DMVO0Ftg.css\"\n    ]\n  }\n}",
        "isEntry": false
      },
      ".vite/ssr-manifest.json": {
        "file": ".vite/ssr-manifest.json",
        "src": ".vite/ssr-manifest.json",
        "source": "{\n  \"src/components/Link.client.tsx\": [],\n  \"src/page/page.tsx\": [],\n  \"src/page/props.ts\": [],\n  \"src/page/test.module.css\": [],\n  \"src/page2/test.module.css\": []\n}",
        "isEntry": false
      }
    },
    "as": "div"
  },
  "_owner": null,
  "_store": {}
}
[rsc-worker:/] Props: {
  "moduleBase": "src",
  "projectRoot": "/home/nico/code/vite-plugin-react-server/test/fixtures/shared/preserve-modules-root-test-project",
  "cssFiles": {},
  "globalCss": {},
  "manifest": {
    "src/components/Link.client.tsx": {
      "file": "src/components/Link.client.js",
      "name": "src/components/Link.client",
      "src": "src/components/Link.client.tsx",
      "isEntry": true,
      "imports": [
        "react-server-dom-esm/server.node"
      ]
    },
    "src/page2/test.module.css": {
      "file": "src/page2/test.module.js",
      "name": "src/page2/test.module",
      "src": "src/page2/test.module.css",
      "isEntry": true,
      "css": [
        "assets/src/page2/test-DMVO0Ftg.css"
      ]
    },
    "src/page/test.module.css": {
      "file": "src/page/test.module.js",
      "name": "src/page/test.module",
      "src": "src/page/test.module.css",
      "isEntry": true,
      "css": [
        "assets/src/page/test-CcEzue0F.css"
      ]
    },
    "src/page/page.tsx": {
      "file": "src/page/page.js",
      "name": "src/page/page",
      "src": "src/page/page.tsx",
      "isEntry": true,
      "imports": [
        "react",
        "src/page/test.module.js",
        "src/components/Link.client.js"
      ]
    },
    "src/page/props.ts": {
      "file": "src/page/props.js",
      "name": "src/page/props",
      "src": "src/page/props.ts",
      "isEntry": true
    },
    ".vite/manifest.json": {
      "file": ".vite/manifest.json",
      "src": ".vite/manifest.json",
      "source": "{\n  \"src/components/Link.client.tsx\": {\n    \"file\": \"src/components/Link.client.js\",\n    \"name\": \"src/components/Link.client\",\n    \"src\": \"src/components/Link.client.tsx\",\n    \"isEntry\": true\n  },\n  \"src/page/page.tsx\": {\n    \"file\": \"src/page/page.js\",\n    \"name\": \"src/page/page\",\n    \"src\": \"src/page/page.tsx\",\n    \"isEntry\": true,\n    \"imports\": [\n      \"src/page/test.module.css\",\n      \"src/components/Link.client.tsx\"\n    ]\n  },\n  \"src/page/props.ts\": {\n    \"file\": \"src/page/props.js\",\n    \"name\": \"src/page/props\",\n    \"src\": \"src/page/props.ts\",\n    \"isEntry\": true\n  },\n  \"src/page/test.module.css\": {\n    \"file\": \"src/page/test.module.js\",\n    \"name\": \"src/page/test.module\",\n    \"src\": \"src/page/test.module.css\",\n    \"isEntry\": true,\n    \"css\": [\n      \"assets/src/page/test-CcEzue0F.css\"\n    ]\n  },\n  \"src/page2/test.module.css\": {\n    \"file\": \"src/page2/test.module.js\",\n    \"name\": \"src/page2/test.module\",\n    \"src\": \"src/page2/test.module.css\",\n    \"isEntry\": true,\n    \"css\": [\n      \"assets/src/page2/test-DMVO0Ftg.css\"\n    ]\n  }\n}",
      "isEntry": false
    },
    ".vite/ssr-manifest.json": {
      "file": ".vite/ssr-manifest.json",
      "src": ".vite/ssr-manifest.json",
      "source": "{\n  \"src/components/Link.client.tsx\": [],\n  \"src/page/page.tsx\": [],\n  \"src/page/props.ts\": [],\n  \"src/page/test.module.css\": [],\n  \"src/page2/test.module.css\": []\n}",
      "isEntry": false
    }
  },
  "route": "/",
  "url": "/",
  "pageProps": {
    "title": "Test",
    "url": "/"
  },
  "moduleBasePath": "",
  "moduleBaseURL": "/",
  "moduleRootPath": "/home/nico/code/vite-plugin-react-server/test/fixtures/shared/preserve-modules-root-test-project/dist/client",
  "verbose": true,
  "logger": {
    "hasWarned": false
  },
  "panicThreshold": "all_errors",
  "rscTimeout": 5000,
  "serverPipeableStreamOptions": {
    "bootstrapScripts": []
  },
  "id": "/-full-/-1759329892845-3d1bzb5m1",
  "reuseHeadlessStreamId": "/-headless-/-1759329892845-3d1bzb5m1"
}
[rsc-worker:/] *** CALLING renderToPipeableStream ***
[rsc-worker:/] *** renderToPipeableStream returned pipe function ***
[rsc-worker:/] *** CALLING pipe(passThrough) ***
[rsc-worker:/] *** pipe(passThrough) call completed ***
[rsc-worker:/] Two-port mode: using standard pipe interface, React will call _final when complete
[rsc-worker:/] Two-port mode: using data-flow completion detection
[rsc-worker:/] Render setup complete for route: / - function returning, worker should continue
[rsc-worker] Processing single-use stream /-full-/-1759329892845-3d1bzb5m1 for route: /
Test Page rendering { title: 'Test', url: '/' } _test_x2k9h_1 _shared_x2k9h_2
[rsc-worker:/] *** STREAM FINISH EVENT FIRED ***
[rsc-worker:/] *** STREAM FINISH EVENT FIRED ***
[rsc-worker:/] *** STREAM CLOSE EVENT FIRED ***
[rsc-worker:/] Calling handlers.onEnd(/-full-/-1759329892845-3d1bzb5m1) from close event to trigger completion
stdout | test/examples/preserve-modules-root.test.ts > Preserve Modules Root (Cross-Environment)
[createRenderToPipeableStreamHandler.client:/] Destroying HTML stream due to React error
[createRenderToPipeableStreamHandler.client:/] All ready, HTML rendering complete

stderr | test/examples/preserve-modules-root.test.ts > Preserve Modules Root (Cross-Environment)
[createRenderToPipeableStreamHandler.client:/] React rendering error: Cannot find module '/home/nico/code/vite-plugin-react-server/test/fixtures/shared/preserve-modules-root-test-project/dist/client/src/components/Link.client-wj6rwp.js' imported from /home/nico/code/vite-plugin-react-server/node_modules/react-server-dom-esm/cjs/react-server-dom-esm-client.node.development.js

stdout | test/examples/preserve-modules-root.test.ts > Preserve Modules Root (Cross-Environment)
[renderPages] Received result for route /: success
[renderPages] Success for route /, starting file writes
[fileWriter] Starting file write for rsc on route /
Test Event: [32m'file.write'[39m
[fileWriter] Starting file write for html on route /
[renderPage.client] Piping HTML stream to destination for route: /
Test Event: [32m'file.write'[39m

stdout | test/examples/preserve-modules-root.test.ts > Preserve Modules Root (Cross-Environment)
[fileWriter] Completed file write for rsc on route /
[fileWriter:rsc] Emitting file.write.done with content length: 3260 bytes, chunks: 5
[fileWriter:rsc] Content preview: :N1759329892862.1958
1:"$Sreact.fragment"
4:"$Sreact.fragment"
7:I["src/components/Link.client-wj6rwp.js","Link"]
2:[["assets/src/page/test-CcEzue0F.css",{"id":"assets/src/page/test-CcEzue0F.css","as"...
Test Event: [32m'file.write.done'[39m

 ❯ test/examples/preserve-modules-root.test.ts (4 tests | 4 skipped) 10004ms

⎯⎯⎯⎯⎯⎯ Failed Suites 1 ⎯⎯⎯⎯⎯⎯⎯

 FAIL  test/examples/preserve-modules-root.test.ts > Preserve Modules Root (Cross-Environment)
Error: Hook timed out in 10000ms.
If this is a long-running hook, pass a timeout value as the last argument or configure it globally with "hookTimeout".
⎯⎯⎯⎯⎯⎯⎯⎯⎯⎯⎯⎯⎯⎯⎯⎯⎯⎯⎯⎯⎯⎯⎯⎯[1/1]⎯

⎯⎯⎯⎯⎯⎯ Unhandled Errors ⎯⎯⎯⎯⎯⎯

Vitest caught 1 unhandled error during the test run.
This might cause false positive tests. Resolve unhandled errors to make sure your tests are not affected.

⎯⎯⎯⎯⎯ Uncaught Exception ⎯⎯⎯⎯⎯
Error: Cannot find module '/home/nico/code/vite-plugin-react-server/test/fixtures/shared/preserve-modules-root-test-project/dist/client/src/components/Link.client-wj6rwp.js' imported from /home/nico/code/vite-plugin-react-server/node_modules/react-server-dom-esm/cjs/react-server-dom-esm-client.node.development.js
 ❯ finalizeResolution node:internal/modules/esm/resolve:275:11
 ❯ moduleResolve node:internal/modules/esm/resolve:860:10
 ❯ defaultResolve node:internal/modules/esm/resolve:984:11
 ❯ ModuleLoader.defaultResolve node:internal/modules/esm/loader:719:12
 ❯ ModuleLoader.#cachedDefaultResolve node:internal/modules/esm/loader:643:25
 ❯ ModuleLoader.resolve node:internal/modules/esm/loader:626:38
 ❯ ModuleLoader.getModuleJobForImport node:internal/modules/esm/loader:279:38
 ❯ onImport.tracePromise.__proto__ node:internal/modules/esm/loader:582:36
 ❯ TracingChannel.tracePromise node:diagnostics_channel:344:14
 ❯ ModuleLoader.import node:internal/modules/esm/loader:581:21

⎯⎯⎯⎯⎯⎯⎯⎯⎯⎯⎯⎯⎯⎯⎯⎯⎯⎯⎯⎯⎯⎯⎯⎯⎯⎯⎯⎯⎯⎯
Serialized Error: { code: 'ERR_MODULE_NOT_FOUND', url: 'file:///home/nico/code/vite-plugin-react-server/test/fixtures/shared/preserve-modules-root-test-project/dist/client/src/components/Link.client-wj6rwp.js' }
This error originated in "test/examples/preserve-modules-root.test.ts" test file. It doesn't mean the error was thrown inside the file itself, but while it was running.
The latest test that might've caused the error is "Preserve Modules Root (Cross-Environment)". It might mean one of the following:
- The error was thrown, while Vitest was running this test.
- If the error occurred after the test had been completed, this was the last documented test before it was thrown.
⎯⎯⎯⎯⎯⎯⎯⎯⎯⎯⎯⎯⎯⎯⎯⎯⎯⎯⎯⎯⎯⎯⎯⎯⎯⎯⎯⎯⎯⎯


 Test Files  1 failed (1)
      Tests  4 skipped (4)
     Errors  1 error
   Start at  16:44:50
   Duration  10.81s (transform 331ms, setup 32ms, collect 532ms, tests 10.00s, environment 0ms, prepare 54ms)

[?25h